ÔÇó Packages in scope: web
ÔÇó Running build in 1 packages
ÔÇó Remote caching disabled
@dub/embed-core:build: cache hit, replaying logs db4fd7400ed7c58e
@dub/embed-core:build: 
@dub/embed-core:build: > @dub/embed-core@0.0.18 build F:\Documentos\GitHub\dub\packages\embeds\core
@dub/embed-core:build: > tsup
@dub/embed-core:build: 
@dub/embed-core:build: [34mCLI[39m Building entry: {"embed/script":"src/embed.ts","index":"src/index.ts"}
@dub/embed-core:build: [34mCLI[39m Using tsconfig: tsconfig.json
@dub/embed-core:build: [34mCLI[39m tsup v6.7.0
@dub/embed-core:build: [34mCLI[39m Using tsup config: F:\Documentos\GitHub\dub\packages\embeds\core\tsup.config.ts
@dub/embed-core:build: [34mCLI[39m Target: es2022
@dub/embed-core:build: [34mCLI[39m Cleaning output folder
@dub/embed-core:build: [34mCJS[39m Build start
@dub/embed-core:build: [32mCJS[39m [1mdist\index.js        [22m[32m2.32 KB[39m
@dub/embed-core:build: [32mCJS[39m [1mdist\embed\script.js [22m[32m1.87 KB[39m
@dub/embed-core:build: [32mCJS[39m ÔÜí´©Å Build success in 88ms
@dub/embed-core:build: [34mDTS[39m Build start
@dub/embed-core:build: [32mDTS[39m ÔÜí´©Å Build success in 4444ms
@dub/embed-core:build: [32mDTS[39m [1mdist\embed\script.d.ts   [22m[32m126.00 B[39m
@dub/embed-core:build: [32mDTS[39m [1mdist\index.d.ts          [22m[32m382.00 B[39m
@dub/embed-core:build: [32mDTS[39m [1mdist\types-ddc83c9b.d.ts [22m[32m740.00 B[39m
@dub/embed-react:build: cache hit, replaying logs 11faf0cc3b2f0bc3
@dub/embed-react:build: 
@dub/embed-react:build: > @dub/embed-react@0.0.18 build F:\Documentos\GitHub\dub\packages\embeds\react
@dub/embed-react:build: > tsup
@dub/embed-react:build: 
@dub/embed-react:build: [34mCLI[39m Building entry: src/index.ts
@dub/embed-react:build: [34mCLI[39m Using tsconfig: tsconfig.json
@dub/embed-react:build: [34mCLI[39m tsup v6.7.0
@dub/embed-react:build: [34mCLI[39m Using tsup config: F:\Documentos\GitHub\dub\packages\embeds\react\tsup.config.ts
@dub/embed-react:build: [34mCLI[39m Target: es2022
@dub/embed-react:build: [34mCLI[39m Cleaning output folder
@dub/embed-react:build: [34mESM[39m Build start
@dub/embed-react:build: [34mCJS[39m Build start
@dub/embed-react:build: [32mESM[39m [1mdist\index.mjs [22m[32m3.20 KB[39m
@dub/embed-react:build: [32mESM[39m ÔÜí´©Å Build success in 370ms
@dub/embed-react:build: [32mCJS[39m [1mdist\index.js [22m[32m3.36 KB[39m
@dub/embed-react:build: [32mCJS[39m ÔÜí´©Å Build success in 371ms
@dub/embed-react:build: [34mDTS[39m Build start
@dub/embed-react:build: [32mDTS[39m ÔÜí´©Å Build success in 1370ms
@dub/embed-react:build: [32mDTS[39m [1mdist\index.d.ts [22m[32m529.00 B[39m
@dub/utils:build: cache hit, replaying logs 0bc992c912524239
@dub/utils:build: 
@dub/utils:build: > @dub/utils@0.1.49 build F:\Documentos\GitHub\dub\packages\utils
@dub/utils:build: > tsup
@dub/utils:build: 
@dub/utils:build: [34mCLI[39m Building entry: src/index.ts, src/constants/cctlds.ts, src/constants/connect-supported-countries.ts, src/constants/continents.ts, src/constants/countries.ts, src/constants/country-currency-codes.ts, src/constants/country-phone-codes.ts, src/constants/domains.ts, src/constants/dub-domains.ts, src/constants/index.ts, src/constants/integrations.ts, src/constants/layout.ts, src/constants/localhost.ts, src/constants/main.ts, src/constants/middleware.ts, src/constants/misc.ts, src/constants/paypal-supported-countries.ts, src/constants/regions.ts, src/constants/reserved-slugs.ts, src/constants/saml.ts, src/functions/array-equal.ts, src/functions/camel-case.ts, src/functions/capitalize.ts, src/functions/chunk.ts, src/functions/cn.ts, src/functions/combine-words.ts, src/functions/construct-metadata.ts, src/functions/currency-formatter.ts, src/functions/currency-zero-decimal.ts, src/functions/deep-equal.ts, src/functions/domains.ts, src/functions/fetch-with-retry.ts, src/functions/fetch-with-timeout.ts, src/functions/fetcher.ts, src/functions/format-file-size.ts, src/functions/group-by.ts, src/functions/hash-string.ts, src/functions/index.ts, src/functions/is-click-on-interactive-child.ts, src/functions/is-iframeable.ts, src/functions/keys.ts, src/functions/link-constructor.ts, src/functions/log.ts, src/functions/nanoid.ts, src/functions/nformatter.ts, src/functions/normalize-string.ts, src/functions/pick.ts, src/functions/pluralize.ts, src/functions/pretty-print.ts, src/functions/promises.ts, src/functions/punycode.ts, src/functions/random-value.ts, src/functions/regex-escape.ts, src/functions/resize-image.ts, src/functions/smart-truncate.ts, src/functions/stable-sort.ts, src/functions/text-fetcher.ts, src/functions/time-ago.ts, src/functions/trim.ts, src/functions/truncate.ts, src/functions/urls.ts, src/constants/pricing/pricing-plan-main-features.ts, src/constants/pricing/pricing-plan-taglines.ts, src/functions/datetime/billing-utils.ts, src/functions/datetime/format-date-smart.ts, src/functions/datetime/format-date.ts, src/functions/datetime/format-datetime-smart.ts, src/functions/datetime/format-datetime.ts, src/functions/datetime/format-period.ts, src/functions/datetime/get-datetime-local.ts, src/functions/datetime/get-days-difference.ts, src/functions/datetime/get-first-and-last-day.ts, src/functions/datetime/index.ts, src/functions/datetime/parse-datetime.ts
@dub/utils:build: [34mCLI[39m Using tsconfig: tsconfig.json
@dub/utils:build: [34mCLI[39m tsup v6.1.3
@dub/utils:build: [34mCLI[39m Using tsup config: F:\Documentos\GitHub\dub\packages\utils\tsup.config.ts
@dub/utils:build: [34mCLI[39m Target: node14
@dub/utils:build: [34mESM[39m Build start
@dub/utils:build: [32mESM[39m ÔÜí´©Å Build success in 139ms
@dub/utils:build: [32mESM[39m [1mdist\index.mjs                                        [22m[32m6.79 KB[39m
@dub/utils:build: [32mESM[39m [1mdist\constants\cctlds.mjs                             [22m[32m58.00 B[39m
@dub/utils:build: [32mESM[39m [1mdist\chunk-VQWWAPDH.mjs                               [22m[32m21.51 KB[39m
@dub/utils:build: [32mESM[39m [1mdist\chunk-STMJW3HF.mjs                               [22m[32m194.00 B[39m
@dub/utils:build: [32mESM[39m [1mdist\chunk-AQPTJK67.mjs                               [22m[32m90.00 B[39m
@dub/utils:build: [32mESM[39m [1mdist\chunk-CP4WO7MM.mjs                               [22m[32m151.00 B[39m
@dub/utils:build: [32mESM[39m [1mdist\chunk-53SZZ2QK.mjs                               [22m[32m194.00 B[39m
@dub/utils:build: [32mESM[39m [1mdist\chunk-2XEQCQCO.mjs                               [22m[32m231.00 B[39m
@dub/utils:build: [32mESM[39m [1mdist\chunk-UWXN5NEH.mjs                               [22m[32m190.00 B[39m
@dub/utils:build: [32mESM[39m [1mdist\chunk-WOURDH2J.mjs                               [22m[32m167.00 B[39m
@dub/utils:build: [32mESM[39m [1mdist\chunk-HR4YFT2T.mjs                               [22m[32m252.00 B[39m
@dub/utils:build: [32mESM[39m [1mdist\chunk-PZ5KH242.mjs                               [22m[32m327.00 B[39m
@dub/utils:build: [32mESM[39m [1mdist\chunk-BWEJXFI3.mjs                               [22m[32m341.00 B[39m
@dub/utils:build: [32mESM[39m [1mdist\chunk-E3EM6ARH.mjs                               [22m[32m55.00 B[39m
@dub/utils:build: [32mESM[39m [1mdist\chunk-MJT4YMEY.mjs                               [22m[32m564.00 B[39m
@dub/utils:build: [32mESM[39m [1mdist\chunk-NFQB22EC.mjs                               [22m[32m275.00 B[39m
@dub/utils:build: [32mESM[39m [1mdist\chunk-LPWMMOGV.mjs                               [22m[32m469.00 B[39m
@dub/utils:build: [32mESM[39m [1mdist\chunk-BMESPBRA.mjs                               [22m[32m2.46 KB[39m
@dub/utils:build: [32mESM[39m [1mdist\chunk-IHX4EDUF.mjs                               [22m[32m191.00 B[39m
@dub/utils:build: [32mESM[39m [1mdist\chunk-KIDNKMJ2.mjs                               [22m[32m318.00 B[39m
@dub/utils:build: [32mESM[39m [1mdist\chunk-RONJDARA.mjs                               [22m[32m63.00 B[39m
@dub/utils:build: [32mESM[39m [1mdist\chunk-Y37NQHZ4.mjs                               [22m[32m632.00 B[39m
@dub/utils:build: [32mESM[39m [1mdist\chunk-3Q25XO3O.mjs                               [22m[32m77.00 B[39m
@dub/utils:build: [32mESM[39m [1mdist\chunk-FKLXONKR.mjs                               [22m[32m76.00 B[39m
@dub/utils:build: [32mESM[39m [1mdist\chunk-PPEZOXLP.mjs                               [22m[32m267.00 B[39m
@dub/utils:build: [32mESM[39m [1mdist\chunk-NQP6WK7A.mjs                               [22m[32m128.00 B[39m
@dub/utils:build: [32mESM[39m [1mdist\chunk-RFDM4NES.mjs                               [22m[32m603.00 B[39m
@dub/utils:build: [32mESM[39m [1mdist\chunk-WKSJXYEU.mjs                               [22m[32m354.00 B[39m
@dub/utils:build: [32mESM[39m [1mdist\chunk-OWYWG4M6.mjs                               [22m[32m140.00 B[39m
@dub/utils:build: [32mESM[39m [1mdist\chunk-NWFCCRLG.mjs                               [22m[32m488.00 B[39m
@dub/utils:build: [32mESM[39m [1mdist\chunk-GRNEXX4Q.mjs                               [22m[32m322.00 B[39m
@dub/utils:build: [32mESM[39m [1mdist\chunk-EMO4MGOU.mjs                               [22m[32m256.00 B[39m
@dub/utils:build: [32mESM[39m [1mdist\chunk-EHUYHMHD.mjs                               [22m[32m60.00 B[39m
@dub/utils:build: [32mESM[39m [1mdist\chunk-N5E6WGFW.mjs                               [22m[32m68.00 B[39m
@dub/utils:build: [32mESM[39m [1mdist\chunk-VQH3G3BC.mjs                               [22m[32m322.00 B[39m
@dub/utils:build: [32mESM[39m [1mdist\chunk-ZTPDEOIY.mjs                               [22m[32m213.00 B[39m
@dub/utils:build: [32mESM[39m [1mdist\chunk-XN7WAYOX.mjs                               [22m[32m103.00 B[39m
@dub/utils:build: [32mESM[39m [1mdist\chunk-JKFE3UP3.mjs                               [22m[32m365.00 B[39m
@dub/utils:build: [32mESM[39m [1mdist\chunk-F4P6WJV7.mjs                               [22m[32m197.00 B[39m
@dub/utils:build: [32mESM[39m [1mdist\chunk-NZ4UYKAT.mjs                               [22m[32m316.00 B[39m
@dub/utils:build: [32mESM[39m [1mdist\chunk-NEIHTFSW.mjs                               [22m[32m117.00 B[39m
@dub/utils:build: [32mESM[39m [1mdist\chunk-FJFDTHKA.mjs                               [22m[32m149.00 B[39m
@dub/utils:build: [32mESM[39m [1mdist\chunk-KDMJUM2I.mjs                               [22m[32m247.00 B[39m
@dub/utils:build: [32mESM[39m [1mdist\chunk-HJD7AJT4.mjs                               [22m[32m70.00 B[39m
@dub/utils:build: [32mESM[39m [1mdist\chunk-VZT64RAP.mjs                               [22m[32m1004.00 B[39m
@dub/utils:build: [32mESM[39m [1mdist\chunk-ZECUYKGD.mjs                               [22m[32m256.00 B[39m
@dub/utils:build: [32mESM[39m [1mdist\chunk-UCO6SXQA.mjs                               [22m[32m901.00 B[39m
@dub/utils:build: [32mESM[39m [1mdist\chunk-2N7XAD3K.mjs                               [22m[32m567.00 B[39m
@dub/utils:build: [32mESM[39m [1mdist\chunk-W27XWZBS.mjs                               [22m[32m590.00 B[39m
@dub/utils:build: [32mESM[39m [1mdist\chunk-6MXH6P2P.mjs                               [22m[32m652.00 B[39m
@dub/utils:build: [32mESM[39m [1mdist\chunk-ORB6LTBV.mjs                               [22m[32m117.00 B[39m
@dub/utils:build: [32mESM[39m [1mdist\chunk-PMOQSSOL.mjs                               [22m[32m129.00 B[39m
@dub/utils:build: [32mESM[39m [1mdist\chunk-KQ4NF54J.mjs                               [22m[32m77.65 KB[39m
@dub/utils:build: [32mESM[39m [1mdist\chunk-2OJAP233.mjs                               [22m[32m113.00 B[39m
@dub/utils:build: [32mESM[39m [1mdist\chunk-52NREKQ5.mjs                               [22m[32m125.00 B[39m
@dub/utils:build: [32mESM[39m [1mdist\chunk-2MOTUFXD.mjs                               [22m[32m244.00 B[39m
@dub/utils:build: [32mESM[39m [1mdist\chunk-PYD75RYX.mjs                               [22m[32m562.00 B[39m
@dub/utils:build: [32mESM[39m [1mdist\chunk-2OGPCKQX.mjs                               [22m[32m150.00 B[39m
@dub/utils:build: [32mESM[39m [1mdist\chunk-MWDHT2QR.mjs                               [22m[32m3.89 KB[39m
@dub/utils:build: [32mESM[39m [1mdist\chunk-C5CCX7UU.mjs                               [22m[32m2.44 KB[39m
@dub/utils:build: [32mESM[39m [1mdist\chunk-2YQGBO42.mjs                               [22m[32m450.00 B[39m
@dub/utils:build: [32mESM[39m [1mdist\chunk-DEIZ6NOQ.mjs                               [22m[32m517.00 B[39m
@dub/utils:build: [32mESM[39m [1mdist\constants\connect-supported-countries.mjs        [22m[32m79.00 B[39m
@dub/utils:build: [32mESM[39m [1mdist\constants\continents.mjs                         [22m[32m116.00 B[39m
@dub/utils:build: [32mESM[39m [1mdist\chunk-YUMUNL66.mjs                               [22m[32m1.36 KB[39m
@dub/utils:build: [32mESM[39m [1mdist\chunk-JO76EBDG.mjs                               [22m[32m619.00 B[39m
@dub/utils:build: [32mESM[39m [1mdist\constants\countries.mjs                          [22m[32m106.00 B[39m
@dub/utils:build: [32mESM[39m [1mdist\chunk-RRVBMEYA.mjs                               [22m[32m2.11 KB[39m
@dub/utils:build: [32mESM[39m [1mdist\constants\country-currency-codes.mjs             [22m[32m74.00 B[39m
@dub/utils:build: [32mESM[39m [1mdist\chunk-6YGW3G46.mjs                               [22m[32m4.12 KB[39m
@dub/utils:build: [32mESM[39m [1mdist\chunk-6OQAYXTQ.mjs                               [22m[32m2.22 KB[39m
@dub/utils:build: [32mESM[39m [1mdist\chunk-SYT2IXG6.mjs                               [22m[32m194.00 B[39m
@dub/utils:build: [32mESM[39m [1mdist\chunk-CELI6EJU.mjs                               [22m[32m1.59 KB[39m
@dub/utils:build: [32mESM[39m [1mdist\constants\country-phone-codes.mjs                [22m[32m71.00 B[39m
@dub/utils:build: [32mESM[39m [1mdist\constants\domains.mjs                            [22m[32m100.00 B[39m
@dub/utils:build: [32mESM[39m [1mdist\functions\datetime\index.mjs                     [22m[32m2.55 KB[39m
@dub/utils:build: [32mESM[39m [1mdist\constants\pricing\pricing-plan-main-features.mjs [22m[32m2.21 KB[39m
@dub/utils:build: [32mESM[39m [1mdist\functions\datetime\parse-datetime.mjs            [22m[32m68.00 B[39m
@dub/utils:build: [32mESM[39m [1mdist\functions\text-fetcher.mjs                       [22m[32m63.00 B[39m
@dub/utils:build: [32mESM[39m [1mdist\functions\datetime\format-datetime-smart.mjs     [22m[32m74.00 B[39m
@dub/utils:build: [32mESM[39m [1mdist\functions\datetime\format-datetime.mjs           [22m[32m69.00 B[39m
@dub/utils:build: [32mESM[39m [1mdist\functions\datetime\format-date.mjs               [22m[32m65.00 B[39m
@dub/utils:build: [32mESM[39m [1mdist\functions\datetime\format-date-smart.mjs         [22m[32m70.00 B[39m
@dub/utils:build: [32mESM[39m [1mdist\functions\datetime\format-period.mjs             [22m[32m2.20 KB[39m
@dub/utils:build: [32mESM[39m [1mdist\functions\datetime\get-days-difference.mjs       [22m[32m72.00 B[39m
@dub/utils:build: [32mESM[39m [1mdist\functions\trim.mjs                               [22m[32m56.00 B[39m
@dub/utils:build: [32mESM[39m [1mdist\functions\datetime\get-datetime-local.mjs        [22m[32m71.00 B[39m
@dub/utils:build: [32mESM[39m [1mdist\functions\datetime\get-first-and-last-day.mjs    [22m[32m73.00 B[39m
@dub/utils:build: [32mESM[39m [1mdist\functions\time-ago.mjs                           [22m[32m59.00 B[39m
@dub/utils:build: [32mESM[39m [1mdist\functions\datetime\billing-utils.mjs             [22m[32m135.00 B[39m
@dub/utils:build: [32mESM[39m [1mdist\functions\urls.mjs                               [22m[32m447.00 B[39m
@dub/utils:build: [32mESM[39m [1mdist\functions\truncate.mjs                           [22m[32m60.00 B[39m
@dub/utils:build: [32mESM[39m [1mdist\functions\pretty-print.mjs                       [22m[32m63.00 B[39m
@dub/utils:build: [32mESM[39m [1mdist\constants\pricing\pricing-plan-taglines.mjs      [22m[32m76.00 B[39m
@dub/utils:build: [32mESM[39m [1mdist\functions\punycode.mjs                           [22m[32m78.00 B[39m
@dub/utils:build: [32mESM[39m [1mdist\functions\promises.mjs                           [22m[32m106.00 B[39m
@dub/utils:build: [32mESM[39m [1mdist\functions\random-value.mjs                       [22m[32m63.00 B[39m
@dub/utils:build: [32mESM[39m [1mdist\functions\regex-escape.mjs                       [22m[32m63.00 B[39m
@dub/utils:build: [32mESM[39m [1mdist\functions\resize-image.mjs                       [22m[32m63.00 B[39m
@dub/utils:build: [32mESM[39m [1mdist\functions\smart-truncate.mjs                     [22m[32m95.00 B[39m
@dub/utils:build: [32mESM[39m [1mdist\functions\keys.mjs                               [22m[32m116.00 B[39m
@dub/utils:build: [32mESM[39m [1mdist\functions\stable-sort.mjs                        [22m[32m62.00 B[39m
@dub/utils:build: [32mESM[39m [1mdist\functions\log.mjs                                [22m[32m55.00 B[39m
@dub/utils:build: [32mESM[39m [1mdist\functions\nformatter.mjs                         [22m[32m62.00 B[39m
@dub/utils:build: [32mESM[39m [1mdist\functions\link-constructor.mjs                   [22m[32m2.04 KB[39m
@dub/utils:build: [32mESM[39m [1mdist\functions\normalize-string.mjs                   [22m[32m67.00 B[39m
@dub/utils:build: [32mESM[39m [1mdist\functions\nanoid.mjs                             [22m[32m58.00 B[39m
@dub/utils:build: [32mESM[39m [1mdist\functions\pick.mjs                               [22m[32m56.00 B[39m
@dub/utils:build: [32mESM[39m [1mdist\functions\fetcher.mjs                            [22m[32m59.00 B[39m
@dub/utils:build: [32mESM[39m [1mdist\functions\pluralize.mjs                          [22m[32m61.00 B[39m
@dub/utils:build: [32mESM[39m [1mdist\functions\format-file-size.mjs                   [22m[32m66.00 B[39m
@dub/utils:build: [32mESM[39m [1mdist\functions\fetch-with-timeout.mjs                 [22m[32m68.00 B[39m
@dub/utils:build: [32mESM[39m [1mdist\functions\group-by.mjs                           [22m[32m59.00 B[39m
@dub/utils:build: [32mESM[39m [1mdist\functions\hash-string.mjs                        [22m[32m68.00 B[39m
@dub/utils:build: [32mESM[39m [1mdist\functions\is-click-on-interactive-child.mjs      [22m[32m77.00 B[39m
@dub/utils:build: [32mESM[39m [1mdist\functions\index.mjs                              [22m[32m4.32 KB[39m
@dub/utils:build: [32mESM[39m [1mdist\functions\cn.mjs                                 [22m[32m54.00 B[39m
@dub/utils:build: [32mESM[39m [1mdist\functions\is-iframeable.mjs                      [22m[32m64.00 B[39m
@dub/utils:build: [32mESM[39m [1mdist\functions\construct-metadata.mjs                 [22m[32m69.00 B[39m
@dub/utils:build: [32mESM[39m [1mdist\functions\combine-words.mjs                      [22m[32m64.00 B[39m
@dub/utils:build: [32mESM[39m [1mdist\functions\currency-formatter.mjs                 [22m[32m99.00 B[39m
@dub/utils:build: [32mESM[39m [1mdist\constants\regions.mjs                            [22m[32m79.00 B[39m
@dub/utils:build: [32mESM[39m [1mdist\functions\currency-zero-decimal.mjs              [22m[32m73.00 B[39m
@dub/utils:build: [32mESM[39m [1mdist\functions\fetch-with-retry.mjs                   [22m[32m66.00 B[39m
@dub/utils:build: [32mESM[39m [1mdist\constants\paypal-supported-countries.mjs         [22m[32m147.00 B[39m
@dub/utils:build: [32mESM[39m [1mdist\functions\deep-equal.mjs                         [22m[32m61.00 B[39m
@dub/utils:build: [32mESM[39m [1mdist\functions\domains.mjs                            [22m[32m2.17 KB[39m
@dub/utils:build: [32mESM[39m [1mdist\constants\reserved-slugs.mjs                     [22m[32m66.00 B[39m
@dub/utils:build: [32mESM[39m [1mdist\functions\array-equal.mjs                        [22m[32m62.00 B[39m
@dub/utils:build: [32mESM[39m [1mdist\constants\saml.mjs                               [22m[32m66.00 B[39m
@dub/utils:build: [32mESM[39m [1mdist\functions\capitalize.mjs                         [22m[32m62.00 B[39m
@dub/utils:build: [32mESM[39m [1mdist\constants\index.mjs                              [22m[32m4.40 KB[39m
@dub/utils:build: [32mESM[39m [1mdist\functions\chunk.mjs                              [22m[32m57.00 B[39m
@dub/utils:build: [32mESM[39m [1mdist\functions\camel-case.mjs                         [22m[32m63.00 B[39m
@dub/utils:build: [32mESM[39m [1mdist\constants\dub-domains.mjs                        [22m[32m140.00 B[39m
@dub/utils:build: [32mESM[39m [1mdist\constants\integrations.mjs                       [22m[32m220.00 B[39m
@dub/utils:build: [32mESM[39m [1mdist\constants\localhost.mjs                          [22m[32m90.00 B[39m
@dub/utils:build: [32mESM[39m [1mdist\constants\middleware.mjs                         [22m[32m119.00 B[39m
@dub/utils:build: [32mESM[39m [1mdist\constants\main.mjs                               [22m[32m525.00 B[39m
@dub/utils:build: [32mESM[39m [1mdist\constants\layout.mjs                             [22m[32m61.00 B[39m
@dub/utils:build: [32mESM[39m [1mdist\constants\misc.mjs                               [22m[32m225.00 B[39m
@dub/utils:build: [34mDTS[39m Build start
@dub/utils:build: [32mDTS[39m ÔÜí´©Å Build success in 37338ms
@dub/utils:build: [32mDTS[39m [1mdist\index.d.ts                                        [22m[32m6.12 KB[39m
@dub/utils:build: [32mDTS[39m [1mdist\constants\cctlds.d.ts                             [22m[32m55.00 B[39m
@dub/utils:build: [32mDTS[39m [1mdist\constants\connect-supported-countries.d.ts        [22m[32m94.00 B[39m
@dub/utils:build: [32mDTS[39m [1mdist\constants\continents.d.ts                         [22m[32m249.00 B[39m
@dub/utils:build: [32mDTS[39m [1mdist\constants\countries.d.ts                          [22m[32m207.00 B[39m
@dub/utils:build: [32mDTS[39m [1mdist\constants\country-currency-codes.d.ts             [22m[32m106.00 B[39m
@dub/utils:build: [32mDTS[39m [1mdist\constants\country-phone-codes.d.ts                [22m[32m100.00 B[39m
@dub/utils:build: [32mDTS[39m [1mdist\constants\domains.d.ts                            [22m[32m154.00 B[39m
@dub/utils:build: [32mDTS[39m [1mdist\constants\dub-domains.d.ts                        [22m[32m459.00 B[39m
@dub/utils:build: [32mDTS[39m [1mdist\constants\integrations.d.ts                       [22m[32m565.00 B[39m
@dub/utils:build: [32mDTS[39m [1mdist\constants\layout.d.ts                             [22m[32m91.00 B[39m
@dub/utils:build: [32mDTS[39m [1mdist\constants\localhost.d.ts                          [22m[32m258.00 B[39m
@dub/utils:build: [32mDTS[39m [1mdist\constants\main.d.ts                               [22m[32m1.44 KB[39m
@dub/utils:build: [32mDTS[39m [1mdist\constants\middleware.d.ts                         [22m[32m459.00 B[39m
@dub/utils:build: [32mDTS[39m [1mdist\constants\misc.d.ts                               [22m[32m517.00 B[39m
@dub/utils:build: [32mDTS[39m [1mdist\constants\paypal-supported-countries.d.ts         [22m[32m182.00 B[39m
@dub/utils:build: [32mDTS[39m [1mdist\constants\regions.d.ts                            [22m[32m141.00 B[39m
@dub/utils:build: [32mDTS[39m [1mdist\constants\reserved-slugs.d.ts                     [22m[32m227.00 B[39m
@dub/utils:build: [32mDTS[39m [1mdist\constants\saml.d.ts                               [22m[32m254.00 B[39m
@dub/utils:build: [32mDTS[39m [1mdist\constants\pricing\pricing-plan-main-features.d.ts [22m[32m1.13 KB[39m
@dub/utils:build: [32mDTS[39m [1mdist\constants\pricing\pricing-plan-taglines.d.ts      [22m[32m301.00 B[39m
@dub/utils:build: [32mDTS[39m [1mdist\functions\array-equal.d.ts                        [22m[32m148.00 B[39m
@dub/utils:build: [32mDTS[39m [1mdist\functions\camel-case.d.ts                         [22m[32m77.00 B[39m
@dub/utils:build: [32mDTS[39m [1mdist\functions\capitalize.d.ts                         [22m[32m101.00 B[39m
@dub/utils:build: [32mDTS[39m [1mdist\functions\chunk.d.ts                              [22m[32m86.00 B[39m
@dub/utils:build: [32mDTS[39m [1mdist\functions\cn.d.ts                                 [22m[32m106.00 B[39m
@dub/utils:build: [32mDTS[39m [1mdist\functions\combine-words.d.ts                      [22m[32m83.00 B[39m
@dub/utils:build: [32mDTS[39m [1mdist\functions\construct-metadata.d.ts                 [22m[32m471.00 B[39m
@dub/utils:build: [32mDTS[39m [1mdist\functions\currency-formatter.d.ts                 [22m[32m259.00 B[39m
@dub/utils:build: [32mDTS[39m [1mdist\functions\currency-zero-decimal.d.ts              [22m[32m103.00 B[39m
@dub/utils:build: [32mDTS[39m [1mdist\functions\datetime\billing-utils.d.ts             [22m[32m284.00 B[39m
@dub/utils:build: [32mDTS[39m [1mdist\functions\datetime\format-date.d.ts               [22m[32m125.00 B[39m
@dub/utils:build: [32mDTS[39m [1mdist\functions\datetime\format-date-smart.d.ts         [22m[32m135.00 B[39m
@dub/utils:build: [32mDTS[39m [1mdist\functions\datetime\format-datetime.d.ts           [22m[32m133.00 B[39m
@dub/utils:build: [32mDTS[39m [1mdist\functions\datetime\format-datetime-smart.d.ts     [22m[32m143.00 B[39m
@dub/utils:build: [32mDTS[39m [1mdist\functions\datetime\format-period.d.ts             [22m[32m134.00 B[39m
@dub/utils:build: [32mDTS[39m [1mdist\functions\datetime\get-datetime-local.d.ts        [22m[32m92.00 B[39m
@dub/utils:build: [32mDTS[39m [1mdist\functions\datetime\get-days-difference.d.ts       [22m[32m126.00 B[39m
@dub/utils:build: [32mDTS[39m [1mdist\functions\datetime\get-first-and-last-day.d.ts    [22m[32m127.00 B[39m
@dub/utils:build: [32mDTS[39m [1mdist\functions\datetime\parse-datetime.d.ts            [22m[32m93.00 B[39m
@dub/utils:build: [32mDTS[39m [1mdist\functions\deep-equal.d.ts                         [22m[32m143.00 B[39m
@dub/utils:build: [32mDTS[39m [1mdist\functions\domains.d.ts                            [22m[32m543.00 B[39m
@dub/utils:build: [32mDTS[39m [1mdist\functions\fetch-with-retry.d.ts                   [22m[32m225.00 B[39m
@dub/utils:build: [32mDTS[39m [1mdist\functions\fetch-with-timeout.d.ts                 [22m[32m160.00 B[39m
@dub/utils:build: [32mDTS[39m [1mdist\functions\fetcher.d.ts                            [22m[32m158.00 B[39m
@dub/utils:build: [32mDTS[39m [1mdist\functions\format-file-size.d.ts                   [22m[32m309.00 B[39m
@dub/utils:build: [32mDTS[39m [1mdist\functions\group-by.d.ts                           [22m[32m120.00 B[39m
@dub/utils:build: [32mDTS[39m [1mdist\functions\hash-string.d.ts                        [22m[32m95.00 B[39m
@dub/utils:build: [32mDTS[39m [1mdist\functions\is-click-on-interactive-child.d.ts      [22m[32m144.00 B[39m
@dub/utils:build: [32mDTS[39m [1mdist\functions\is-iframeable.d.ts                      [22m[32m150.00 B[39m
@dub/utils:build: [32mDTS[39m [1mdist\functions\keys.d.ts                               [22m[32m222.00 B[39m
@dub/utils:build: [32mDTS[39m [1mdist\functions\link-constructor.d.ts                   [22m[32m351.00 B[39m
@dub/utils:build: [32mDTS[39m [1mdist\functions\log.d.ts                                [22m[32m223.00 B[39m
@dub/utils:build: [32mDTS[39m [1mdist\functions\nanoid.d.ts                             [22m[32m70.00 B[39m
@dub/utils:build: [32mDTS[39m [1mdist\functions\nformatter.d.ts                         [22m[32m128.00 B[39m
@dub/utils:build: [32mDTS[39m [1mdist\functions\normalize-string.d.ts                   [22m[32m85.00 B[39m
@dub/utils:build: [32mDTS[39m [1mdist\functions\pick.d.ts                               [22m[32m123.00 B[39m
@dub/utils:build: [32mDTS[39m [1mdist\functions\pluralize.d.ts                          [22m[32m125.00 B[39m
@dub/utils:build: [32mDTS[39m [1mdist\functions\pretty-print.d.ts                       [22m[32m92.00 B[39m
@dub/utils:build: [32mDTS[39m [1mdist\functions\promises.d.ts                           [22m[32m459.00 B[39m
@dub/utils:build: [32mDTS[39m [1mdist\functions\punycode.d.ts                           [22m[32m148.00 B[39m
@dub/utils:build: [32mDTS[39m [1mdist\functions\random-value.d.ts                       [22m[32m76.00 B[39m
@dub/utils:build: [32mDTS[39m [1mdist\functions\regex-escape.d.ts                       [22m[32m176.00 B[39m
@dub/utils:build: [32mDTS[39m [1mdist\functions\resize-image.d.ts                       [22m[32m158.00 B[39m
@dub/utils:build: [32mDTS[39m [1mdist\functions\smart-truncate.d.ts                     [22m[32m101.00 B[39m
@dub/utils:build: [32mDTS[39m [1mdist\functions\stable-sort.d.ts                        [22m[32m227.00 B[39m
@dub/utils:build: [32mDTS[39m [1mdist\functions\text-fetcher.d.ts                       [22m[32m156.00 B[39m
@dub/utils:build: [32mDTS[39m [1mdist\functions\time-ago.d.ts                           [22m[32m135.00 B[39m
@dub/utils:build: [32mDTS[39m [1mdist\functions\trim.d.ts                               [22m[32m63.00 B[39m
@dub/utils:build: [32mDTS[39m [1mdist\functions\truncate.d.ts                           [22m[32m113.00 B[39m
@dub/utils:build: [32mDTS[39m [1mdist\functions\urls.d.ts                               [22m[32m1.63 KB[39m
@dub/utils:build: [32mDTS[39m [1mdist\constants\index.d.ts                              [22m[32m2.35 KB[39m
@dub/utils:build: [32mDTS[39m [1mdist\functions\index.d.ts                              [22m[32m3.10 KB[39m
@dub/utils:build: [32mDTS[39m [1mdist\functions\datetime\index.d.ts                     [22m[32m625.00 B[39m
@dub/utils:build: [32mDTS[39m [1mdist\pricing-plan-compare-features-cb92e833.d.ts       [22m[32m3.17 KB[39m
@dub/ui:build: cache hit, replaying logs eb1cbaa0986bd62d
@dub/ui:build: 
@dub/ui:build: > @dub/ui@0.2.68 build F:\Documentos\GitHub\dub\packages\ui
@dub/ui:build: > tsup
@dub/ui:build: 
@dub/ui:build: [34mCLI[39m Building entry: {"index":"src/index.tsx","icons/index":"src/icons/index.tsx","charts/index":"src/charts/index.ts"}
@dub/ui:build: [34mCLI[39m Using tsconfig: tsconfig.json
@dub/ui:build: [34mCLI[39m tsup v6.1.3
@dub/ui:build: [34mCLI[39m Using tsup config: F:\Documentos\GitHub\dub\packages\ui\tsup.config.ts
@dub/ui:build: [34mCLI[39m Target: node14
@dub/ui:build: [34mESM[39m Build start
@dub/ui:build: [34mDTS[39m Build start
@dub/ui:build: Browserslist: caniuse-lite is outdated. Please run:
@dub/ui:build:   npx update-browserslist-db@latest
@dub/ui:build:   Why you should do it regularly: https://github.com/browserslist/update-db#readme
@dub/ui:build: [32mESM[39m ÔÜí´©Å Build success in 58770ms
@dub/ui:build: [32mESM[39m [1mdist\index.mjs          [22m[32m201.16 KB[39m
@dub/ui:build: [32mESM[39m [1mdist\chunk-CI55POCL.mjs [22m[32m346.35 KB[39m
@dub/ui:build: [32mESM[39m [1mdist\chunk-7HRXNCEW.mjs [22m[32m84.94 KB[39m
@dub/ui:build: [32mESM[39m [1mdist\chunk-NWME2ANF.mjs [22m[32m658.00 B[39m
@dub/ui:build: [32mESM[39m [1mdist\index.css          [22m[32m100.60 KB[39m
@dub/ui:build: [32mESM[39m [1mdist\icons\index.mjs    [22m[32m6.18 KB[39m
@dub/ui:build: [32mESM[39m [1mdist\charts\index.mjs   [22m[32m15.28 KB[39m
@dub/ui:build: [32mDTS[39m ÔÜí´©Å Build success in 73183ms
@dub/ui:build: [32mDTS[39m [1mdist\index.d.ts        [22m[32m55.36 KB[39m
@dub/ui:build: [32mDTS[39m [1mdist\icons\index.d.ts  [22m[32m35.29 KB[39m
@dub/ui:build: [32mDTS[39m [1mdist\charts\index.d.ts [22m[32m6.23 KB[39m
web:build: cache miss, executing fbc3d4c56dce52c8
web:build: 
web:build: > web@ build F:\Documentos\GitHub\dub\apps\web
web:build: > pnpm prisma:generate && next build
web:build: 
web:build: 
web:build: > web@ prisma:generate F:\Documentos\GitHub\dub\apps\web
web:build: > dotenv-flow -e .env -- pnpm --filter=@dub/prisma generate
web:build: 
web:build: .                                        | ÔÇëWARNÔÇë The field "pnpm.overrides" was found in F:\Documentos\GitHub\dub\apps\web/package.json. This will not take effect. You should configure "pnpm.overrides" at the root of the workspace instead.
web:build: ../../packages/stripe-app                | ÔÇëWARNÔÇë The field "resolutions" was found in F:\Documentos\GitHub\dub\packages\stripe-app/package.json. This will not take effect. You should configure "resolutions" at the root of the workspace instead.
web:build: 
web:build: > @dub/prisma@1.0.0 generate F:\Documentos\GitHub\dub\packages\prisma
web:build: > npx prisma generate --schema=./schema
web:build: 
web:build: Prisma schema loaded from schema
web:build: 
web:build: Ô£ö Generated Prisma Client (v6.19.1) to .\..\..\node_modules\.pnpm\@prisma+client@6.19.1_prisma@6.19.1_typescript@5.2.2__typescript@5.2.2\node_modules\@prisma\client in 733ms
web:build: 
web:build: Start by importing your Prisma Client (See: https://pris.ly/d/importing-client)
web:build: 
web:build: Tip: Interested in query caching in just a few lines of code? Try Accelerate today! https://pris.ly/tip-3-accelerate
web:build: 
web:build:    Ôû▓ Next.js 15.5.8
web:build:    - Environments: .env
web:build:    - Experiments (use with caution):
web:build:      ┬À serverActions
web:build:      ┬À optimizePackageImports
web:build: 
web:build:    Creating an optimized production build ...
web:build:  Ô£ô Compiled successfully in 5.8min
web:build:    Skipping validation of types
web:build:    Skipping linting
web:build:    Collecting page data ...
web:build: Missing Axiom token
web:build: Missing Axiom token
web:build: Missing Axiom token
web:build: Missing Axiom token
web:build: Missing Axiom token
web:build: Missing Axiom token
web:build: Missing Axiom token
web:build: Missing Axiom token
web:build: Missing Axiom token
web:build: Missing Axiom token
web:build: Missing Axiom token
web:build: Missing Axiom token
web:build: Missing Axiom token
web:build: Missing Axiom token
web:build: Missing Axiom token
web:build: Missing Axiom token
web:build: Missing Axiom token
web:build: Missing Axiom token
web:build: Missing Axiom token
web:build: Missing Axiom token
web:build: Missing Axiom token
web:build: Missing Axiom token
web:build: Missing Axiom token
web:build: Missing Axiom token
web:build: Missing Axiom token
web:build: Missing Axiom token
web:build: Missing Axiom token
web:build: Missing Axiom token
web:build: Missing Axiom token
web:build: Missing Axiom token
web:build: Missing Axiom token
web:build: Missing Axiom token
web:build: Missing Axiom token
web:build: Missing Axiom token
web:build: Missing Axiom token
web:build: Missing Axiom token
web:build: Missing Axiom token
web:build: Missing Axiom token
web:build: Missing Axiom token
web:build: Missing Axiom token
web:build: Missing Axiom token
web:build: Missing Axiom token
web:build: Missing Axiom token
web:build: Missing Axiom token
web:build: Missing Axiom token
web:build: Missing Axiom token
web:build: Missing Axiom token
web:build: Missing Axiom token
web:build: Missing Axiom token
web:build: Missing Axiom token
web:build: Missing Axiom token
web:build: Missing Axiom token
web:build: Missing Axiom token
web:build: Missing Axiom token
web:build: Missing Axiom token
web:build: Missing Axiom token
web:build: Missing Axiom token
web:build: Missing Axiom token
web:build: Missing Axiom token
web:build: Missing Axiom token
web:build: Missing Axiom token
web:build: Missing Axiom token
web:build: Missing Axiom token
web:build: Missing Axiom token
web:build: Missing Axiom token
web:build: Missing Axiom token
web:build: Missing Axiom token
web:build: Missing Axiom token
web:build: Missing Axiom token
web:build: Missing Axiom token
web:build: Missing Axiom token
web:build: Missing Axiom token
web:build: Missing Axiom token
web:build: Missing Axiom token
web:build: Missing Axiom token
web:build: Missing Axiom token
web:build: Missing Axiom token
web:build: Missing Axiom token
web:build:  ÔÜá Using edge runtime on a page currently disables static generation for that page
web:build: Missing Axiom token
web:build: Missing Axiom token
web:build: Missing Axiom token
web:build: Missing Axiom token
web:build: Missing Axiom token
web:build: Missing Axiom token
web:build: Missing Axiom token
web:build: Missing Axiom token
web:build: Missing Axiom token
web:build: Missing Axiom token
web:build: Missing Axiom token
web:build: Missing Axiom token
web:build: Missing Axiom token
web:build: Missing Axiom token
web:build: Missing Axiom token
web:build: Missing Axiom token
web:build: Missing Axiom token
web:build: Missing Axiom token
web:build: Missing Axiom token
web:build: Missing Axiom token
web:build: Missing Axiom token
web:build: Missing Axiom token
web:build: Missing Axiom token
web:build: Missing Axiom token
web:build: Missing Axiom token
web:build: Missing Axiom token
web:build: Missing Axiom token
web:build: Missing Axiom token
web:build: Missing Axiom token
web:build: Missing Axiom token
web:build: Missing Axiom token
web:build: Missing Axiom token
web:build: Missing Axiom token
web:build: Missing Axiom token
web:build: Missing Axiom token
web:build: Missing Axiom token
web:build: Missing Axiom token
web:build: Missing Axiom token
web:build: Missing Axiom token
web:build:    Generating static pages (0/227) ...
web:build: Missing Axiom token
web:build: Missing Axiom token
web:build: Missing Axiom token
web:build: Missing Axiom token
web:build: Missing Axiom token
web:build: Missing Axiom token
web:build: Missing Axiom token
web:build: Missing Axiom token
web:build: Missing Axiom token
web:build: Missing Axiom token
web:build: Missing Axiom token
web:build: Missing Axiom token
web:build: Missing Axiom token
web:build: Missing Axiom token
web:build: Missing Axiom token
web:build:    Generating static pages (56/227) 
web:build: Missing Axiom token
web:build: Missing Axiom token
web:build: Missing Axiom token
web:build: Missing Axiom token
web:build: Missing Axiom token
web:build: Missing Axiom token
web:build: Missing Axiom token
web:build: Missing Axiom token
web:build: Missing Axiom token
web:build: Missing Axiom token
web:build: Missing Axiom token
web:build: Missing Axiom token
web:build: Missing Axiom token
web:build: Missing Axiom token
web:build: Missing Axiom token
web:build:    Generating static pages (113/227) 
web:build:    Generating static pages (170/227) 
web:build:  Ô£ô Generating static pages (227/227)
web:build:    Finalizing page optimization ...
web:build:    Collecting build traces ...
web:build: 
web:build: Route (app)                                                               Size  First Load JS  Revalidate  Expire
web:build: Ôöî Ôùï /_not-found                                                        1.13 kB         107 kB
web:build: Ôö£ ãÆ /[domain]                                                          9.15 kB         638 kB
web:build: Ôö£ ãÆ /[domain]/not-found                                                3.33 kB         632 kB
web:build: Ôö£ ãÆ /[domain]/stats/[key]                                              1.13 kB         107 kB
web:build: Ôö£ Ôùï /admin.dub.co                                                      3.56 kB         632 kB
web:build: Ôö£ Ôùï /admin.dub.co/analytics                                              276 B         983 kB
web:build: Ôö£ Ôùï /admin.dub.co/commissions                                             9 kB         695 kB
web:build: Ôö£ Ôùï /admin.dub.co/events                                                3.5 kB         945 kB
web:build: Ôö£ Ôùï /admin.dub.co/links                                                  227 B        1.02 MB
web:build: Ôö£ Ôùï /admin.dub.co/login                                                  221 B         644 kB
web:build: Ôö£ Ôùï /admin.dub.co/payouts                                              9.63 kB         696 kB
web:build: Ôö£ Ôùï /admin.dub.co/payouts/paypal                                       5.11 kB         644 kB
web:build: Ôö£ Ôùï /admin.dub.co/revenue                                              4.24 kB         650 kB
web:build: Ôö£ ãÆ /api                                                               1.13 kB         107 kB
web:build: Ôö£ ãÆ /api/admin/analytics                                               1.13 kB         107 kB
web:build: Ôö£ ãÆ /api/admin/ban                                                     1.13 kB         107 kB
web:build: Ôö£ ãÆ /api/admin/commissions                                             1.13 kB         107 kB
web:build: Ôö£ ãÆ /api/admin/delete-partner-account                                  1.13 kB         107 kB
web:build: Ôö£ ãÆ /api/admin/events                                                  1.13 kB         107 kB
web:build: Ôö£ ãÆ /api/admin/impersonate                                             1.13 kB         107 kB
web:build: Ôö£ ãÆ /api/admin/links                                                   1.13 kB         107 kB
web:build: Ôö£ ãÆ /api/admin/links/[linkId]                                          1.13 kB         107 kB
web:build: Ôö£ ãÆ /api/admin/links/ban                                               1.13 kB         107 kB
web:build: Ôö£ ãÆ /api/admin/links/count                                             1.13 kB         107 kB
web:build: Ôö£ ãÆ /api/admin/payouts                                                 1.13 kB         107 kB
web:build: Ôö£ ãÆ /api/admin/payouts/paypal                                          1.13 kB         107 kB
web:build: Ôö£ ãÆ /api/admin/refresh-domain                                          1.13 kB         107 kB
web:build: Ôö£ ãÆ /api/admin/reset-login-attempts                                    1.13 kB         107 kB
web:build: Ôö£ ãÆ /api/admin/revenue                                                 1.13 kB         107 kB
web:build: Ôö£ ãÆ /api/ai/completion                                                 1.13 kB         107 kB
web:build: Ôö£ ãÆ /api/analytics                                                     1.13 kB         107 kB
web:build: Ôö£ ãÆ /api/analytics/[eventType]                                         1.13 kB         107 kB
web:build: Ôö£ ãÆ /api/analytics/[eventType]/[endpoint]                              1.13 kB         107 kB
web:build: Ôö£ ãÆ /api/analytics/dashboard                                           1.13 kB         107 kB
web:build: Ôö£ ãÆ /api/analytics/export                                              1.13 kB         107 kB
web:build: Ôö£ ãÆ /api/audit-logs/export                                             1.13 kB         107 kB
web:build: Ôö£ ãÆ /api/auth/[...nextauth]                                            1.13 kB         107 kB
web:build: Ôö£ ãÆ /api/auth/reset-password                                           1.13 kB         107 kB
web:build: Ôö£ ãÆ /api/auth/saml/authorize                                           1.13 kB         107 kB
web:build: Ôö£ ãÆ /api/auth/saml/callback                                            1.13 kB         107 kB
web:build: Ôö£ ãÆ /api/auth/saml/token                                               1.13 kB         107 kB
web:build: Ôö£ ãÆ /api/auth/saml/userinfo                                            1.13 kB         107 kB
web:build: Ôö£ ãÆ /api/auth/saml/verify                                              1.13 kB         107 kB
web:build: Ôö£ ãÆ /api/bounties                                                      1.13 kB         107 kB
web:build: Ôö£ ãÆ /api/bounties/[bountyId]                                           1.13 kB         107 kB
web:build: Ôö£ ãÆ /api/bounties/[bountyId]/submissions                               1.13 kB         107 kB
web:build: Ôö£ ãÆ /api/bounties/[bountyId]/submissions/[submissionId]/approve        1.13 kB         107 kB
web:build: Ôö£ ãÆ /api/bounties/[bountyId]/submissions/[submissionId]/reject         1.13 kB         107 kB
web:build: Ôö£ ãÆ /api/bounties/count/submissions                                    1.13 kB         107 kB
web:build: Ôö£ ãÆ /api/callback/bitly                                                1.13 kB         107 kB
web:build: Ôö£ ãÆ /api/callback/plain/partner                                        1.13 kB         107 kB
web:build: Ôö£ ãÆ /api/callback/plain/workspace                                      1.13 kB         107 kB
web:build: Ôö£ ãÆ /api/callback/stripe                                               1.13 kB         107 kB
web:build: Ôö£ ãÆ /api/campaigns                                                     1.13 kB         107 kB
web:build: Ôö£ ãÆ /api/campaigns/[campaignId]                                        1.13 kB         107 kB
web:build: Ôö£ ãÆ /api/campaigns/[campaignId]/duplicate                              1.13 kB         107 kB
web:build: Ôö£ ãÆ /api/campaigns/[campaignId]/events                                 1.13 kB         107 kB
web:build: Ôö£ ãÆ /api/campaigns/[campaignId]/events/count                           1.13 kB         107 kB
web:build: Ôö£ ãÆ /api/campaigns/[campaignId]/preview                                1.13 kB         107 kB
web:build: Ôö£ ãÆ /api/campaigns/[campaignId]/summary                                1.13 kB         107 kB
web:build: Ôö£ ãÆ /api/campaigns/count                                               1.13 kB         107 kB
web:build: Ôö£ ãÆ /api/commissions                                                   1.13 kB         107 kB
web:build: Ôö£ ãÆ /api/commissions/[commissionId]                                    1.13 kB         107 kB
web:build: Ôö£ ãÆ /api/commissions/count                                             1.13 kB         107 kB
web:build: Ôö£ ãÆ /api/commissions/export                                            1.13 kB         107 kB
web:build: Ôö£ ãÆ /api/commissions/timeseries                                        1.13 kB         107 kB
web:build: Ôö£ ãÆ /api/cron/aggregate-clicks                                         1.13 kB         107 kB
web:build: Ôö£ ãÆ /api/cron/bounties/create-draft-submissions                        1.13 kB         107 kB
web:build: Ôö£ ãÆ /api/cron/bounties/notify-partners                                 1.13 kB         107 kB
web:build: Ôö£ ãÆ /api/cron/campaigns/broadcast                                      1.13 kB         107 kB
web:build: Ôö£ ãÆ /api/cron/cleanup/demo-embed-partners                              1.13 kB         107 kB
web:build: Ôö£ ãÆ /api/cron/cleanup/e2e-tests                                        1.13 kB         107 kB
web:build: Ôö£ ãÆ /api/cron/cleanup/expired-tokens                                   1.13 kB         107 kB
web:build: Ôö£ ãÆ /api/cron/cleanup/link-retention                                   1.13 kB         107 kB
web:build: Ôö£ ãÆ /api/cron/cleanup/rejected-applications                            1.13 kB         107 kB
web:build: Ôö£ ãÆ /api/cron/discount-codes/[discountCodeId]/delete                   1.13 kB         107 kB
web:build: Ôö£ ãÆ /api/cron/disposable-emails                                        1.13 kB         107 kB
web:build: Ôö£ ãÆ /api/cron/domains/delete                                           1.13 kB         107 kB
web:build: Ôö£ ãÆ /api/cron/domains/renewal-payments                                 1.13 kB         107 kB
web:build: Ôö£ ãÆ /api/cron/domains/renewal-reminders                                1.13 kB         107 kB
web:build: Ôö£ ãÆ /api/cron/domains/transfer                                         1.13 kB         107 kB
web:build: Ôö£ ãÆ /api/cron/domains/update                                           1.13 kB         107 kB
web:build: Ôö£ ãÆ /api/cron/domains/verify                                           1.13 kB         107 kB
web:build: Ôö£ ãÆ /api/cron/email-domains/update                                     1.13 kB         107 kB
web:build: Ôö£ ãÆ /api/cron/email-domains/verify                                     1.13 kB         107 kB
web:build: Ôö£ ãÆ /api/cron/export/commissions                                       1.13 kB         107 kB
web:build: Ôö£ ãÆ /api/cron/export/events/partner                                    1.13 kB         107 kB
web:build: Ôö£ ãÆ /api/cron/export/events/workspace                                  1.13 kB         107 kB
web:build: Ôö£ ãÆ /api/cron/export/links                                             1.13 kB         107 kB
web:build: Ôö£ ãÆ /api/cron/export/partners                                          1.13 kB         107 kB
web:build: Ôö£ ãÆ /api/cron/folders/delete                                           1.13 kB         107 kB
web:build: Ôö£ ãÆ /api/cron/framer/backfill-leads-batch                              1.13 kB         107 kB
web:build: Ôö£ ãÆ /api/cron/fraud/summary                                            1.13 kB         107 kB
web:build: Ôö£ ãÆ /api/cron/fx-rates                                                 1.13 kB         107 kB
web:build: Ôö£ ãÆ /api/cron/groups/create-default-links                              1.13 kB         107 kB
web:build: Ôö£ ãÆ /api/cron/groups/remap-default-links                               1.13 kB         107 kB
web:build: Ôö£ ãÆ /api/cron/groups/remap-discount-codes                              1.13 kB         107 kB
web:build: Ôö£ ãÆ /api/cron/groups/sync-utm                                          1.13 kB         107 kB
web:build: Ôö£ ãÆ /api/cron/groups/update-default-links                              1.13 kB         107 kB
web:build: Ôö£ ãÆ /api/cron/import/bitly                                               237 B         622 kB
web:build: Ôö£ ãÆ /api/cron/import/csv                                                 237 B         622 kB
web:build: Ôö£ ãÆ /api/cron/import/firstpromoter                                     1.13 kB         107 kB
web:build: Ôö£ ãÆ /api/cron/import/partnerstack                                      1.13 kB         107 kB
web:build: Ôö£ ãÆ /api/cron/import/rebrandly                                           237 B         622 kB
web:build: Ôö£ ãÆ /api/cron/import/rewardful                                         1.13 kB         107 kB
web:build: Ôö£ ãÆ /api/cron/import/short                                               237 B         622 kB
web:build: Ôö£ ãÆ /api/cron/import/tolt                                              1.13 kB         107 kB
web:build: Ôö£ ãÆ /api/cron/invoices/retry-failed                                    1.13 kB         107 kB
web:build: Ôö£ ãÆ /api/cron/links/[linkId]/complete-tests                            1.13 kB         107 kB
web:build: Ôö£ ãÆ /api/cron/links/delete                                             1.13 kB         107 kB
web:build: Ôö£ ãÆ /api/cron/links/invalidate-for-discounts                           1.13 kB         107 kB
web:build: Ôö£ ãÆ /api/cron/links/invalidate-for-partners                            1.13 kB         107 kB
web:build: Ôö£ ãÆ /api/cron/messages/notify-partner                                  1.13 kB         107 kB
web:build: Ôö£ ãÆ /api/cron/messages/notify-program                                  1.13 kB         107 kB
web:build: Ôö£ ãÆ /api/cron/network/calculate-program-similarities                   1.13 kB         107 kB
web:build: Ôö£ ãÆ /api/cron/network/update-partner-discoverability                   1.13 kB         107 kB
web:build: Ôö£ ãÆ /api/cron/partner-platforms                                        1.13 kB         107 kB
web:build: Ôö£ ãÆ /api/cron/partner-platforms/youtube                                1.13 kB         107 kB
web:build: Ôö£ ãÆ /api/cron/partner-program-summary                                  1.13 kB         107 kB
web:build: Ôö£ ãÆ /api/cron/partner-program-summary/process                          1.13 kB         107 kB
web:build: Ôö£ ãÆ /api/cron/partners/auto-approve                                    1.13 kB         107 kB
web:build: Ôö£ ãÆ /api/cron/partners/ban                                             1.13 kB         107 kB
web:build: Ôö£ ãÆ /api/cron/partners/merge-accounts                                  1.13 kB         107 kB
web:build: Ôö£ ãÆ /api/cron/payouts/aggregate-due-commissions                        1.13 kB         107 kB
web:build: Ôö£ ãÆ /api/cron/payouts/balance-available                                1.13 kB         107 kB
web:build: Ôö£ ãÆ /api/cron/payouts/charge-succeeded                                 1.13 kB         107 kB
web:build: Ôö£ ãÆ /api/cron/payouts/payout-failed                                    1.13 kB         107 kB
web:build: Ôö£ ãÆ /api/cron/payouts/payout-paid                                      1.13 kB         107 kB
web:build: Ôö£ ãÆ /api/cron/payouts/process                                            237 B         622 kB
web:build: Ôö£ ãÆ /api/cron/payouts/process/updates                                  1.13 kB         107 kB
web:build: Ôö£ ãÆ /api/cron/payouts/reminders/partners                               1.13 kB         107 kB
web:build: Ôö£ ãÆ /api/cron/payouts/reminders/program-owners                         1.13 kB         107 kB
web:build: Ôö£ ãÆ /api/cron/payouts/send-stripe-payout                               1.13 kB         107 kB
web:build: Ôö£ ãÆ /api/cron/pending-applications-summary                             1.13 kB         107 kB
web:build: Ôö£ ãÆ /api/cron/program-application-reminder                             1.13 kB         107 kB
web:build: Ôö£ ãÆ /api/cron/send-batch-email                                         1.13 kB         107 kB
web:build: Ôö£ ãÆ /api/cron/shopify/order-paid                                       1.13 kB         107 kB
web:build: Ôö£ ãÆ /api/cron/streams/update-partner-stats                             1.13 kB         107 kB
web:build: Ôö£ ãÆ /api/cron/streams/update-workspace-clicks                          1.13 kB         107 kB
web:build: Ôö£ ãÆ /api/cron/trigger-withdrawal                                       1.13 kB         107 kB
web:build: Ôö£ ãÆ /api/cron/usage                                                    1.13 kB         107 kB
web:build: Ôö£ ãÆ /api/cron/welcome-user                                             1.13 kB         107 kB
web:build: Ôö£ ãÆ /api/cron/workflows/[workflowId]                                   1.13 kB         107 kB
web:build: Ôö£ ãÆ /api/cron/workspaces/delete                                        1.13 kB         107 kB
web:build: Ôö£ ãÆ /api/customers                                                     1.13 kB         107 kB
web:build: Ôö£ ãÆ /api/customers/[id]                                                1.13 kB         107 kB
web:build: Ôö£ ãÆ /api/customers/[id]/activity                                       1.13 kB         107 kB
web:build: Ôö£ ãÆ /api/customers/count                                               1.13 kB         107 kB
web:build: Ôö£ ãÆ /api/dashboards                                                    1.13 kB         107 kB
web:build: Ôö£ ãÆ /api/dashboards/[id]                                               1.13 kB         107 kB
web:build: Ôö£ ãÆ /api/discount-codes                                                1.13 kB         107 kB
web:build: Ôö£ ãÆ /api/discount-codes/[discountCodeId]                               1.13 kB         107 kB
web:build: Ôö£ ãÆ /api/docs/guides/[guide]                                           1.13 kB         107 kB
web:build: Ôö£ ãÆ /api/domains                                                       1.13 kB         107 kB
web:build: Ôö£ ãÆ /api/domains/[domain]                                              1.13 kB         107 kB
web:build: Ôö£ ãÆ /api/domains/[domain]/primary                                      1.13 kB         107 kB
web:build: Ôö£ ãÆ /api/domains/[domain]/transfer                                     1.13 kB         107 kB
web:build: Ôö£ ãÆ /api/domains/[domain]/validate                                     1.13 kB         107 kB
web:build: Ôö£ ãÆ /api/domains/[domain]/verify                                       1.13 kB         107 kB
web:build: Ôö£ ãÆ /api/domains/client/register                                       1.13 kB         107 kB
web:build: Ôö£ ãÆ /api/domains/client/saved                                          1.13 kB         107 kB
web:build: Ôö£ ãÆ /api/domains/count                                                 1.13 kB         107 kB
web:build: Ôö£ ãÆ /api/domains/default                                               1.13 kB         107 kB
web:build: Ôö£ ãÆ /api/domains/register                                              1.13 kB         107 kB
web:build: Ôö£ ãÆ /api/domains/search-availability                                   1.13 kB         107 kB
web:build: Ôö£ ãÆ /api/domains/status                                                1.13 kB         107 kB
web:build: Ôö£ ãÆ /api/dub/webhook                                                   1.13 kB         107 kB
web:build: Ôö£ ãÆ /api/email-domains                                                 1.13 kB         107 kB
web:build: Ôö£ ãÆ /api/email-domains/[domain]                                        1.13 kB         107 kB
web:build: Ôö£ ãÆ /api/email-domains/[domain]/verify                                 1.13 kB         107 kB
web:build: Ôö£ ãÆ /api/embed/referrals/analytics                                     1.13 kB         107 kB
web:build: Ôö£ ãÆ /api/embed/referrals/earnings                                      1.13 kB         107 kB
web:build: Ôö£ ãÆ /api/embed/referrals/leaderboard                                   1.13 kB         107 kB
web:build: Ôö£ ãÆ /api/embed/referrals/links                                         1.13 kB         107 kB
web:build: Ôö£ ãÆ /api/embed/referrals/links/[linkId]                                1.13 kB         107 kB
web:build: Ôö£ ãÆ /api/embed/referrals/token                                         1.13 kB         107 kB
web:build: Ôö£ ãÆ /api/events                                                        1.13 kB         107 kB
web:build: Ôö£ ãÆ /api/events/export                                                 1.13 kB         107 kB
web:build: Ôö£ ãÆ /api/folders                                                       1.13 kB         107 kB
web:build: Ôö£ ãÆ /api/folders/[folderId]                                            1.13 kB         107 kB
web:build: Ôö£ ãÆ /api/folders/[folderId]/dashboard                                  1.13 kB         107 kB
web:build: Ôö£ ãÆ /api/folders/[folderId]/users                                      1.13 kB         107 kB
web:build: Ôö£ ãÆ /api/folders/access-requests                                       1.13 kB         107 kB
web:build: Ôö£ ãÆ /api/folders/count                                                 1.13 kB         107 kB
web:build: Ôö£ ãÆ /api/folders/permissions                                           1.13 kB         107 kB
web:build: Ôö£ ãÆ /api/fraud/events                                                  1.13 kB         107 kB
web:build: Ôö£ ãÆ /api/fraud/events/count                                            1.13 kB         107 kB
web:build: Ôö£ ãÆ /api/fraud/groups                                                  1.13 kB         107 kB
web:build: Ôö£ ãÆ /api/fraud/groups/count                                            1.13 kB         107 kB
web:build: Ôö£ ãÆ /api/fraud/rules                                                   1.13 kB         107 kB
web:build: Ôö£ ãÆ /api/groups                                                        1.13 kB         107 kB
web:build: Ôö£ ãÆ /api/groups/[groupIdOrSlug]                                        1.13 kB         107 kB
web:build: Ôö£ ãÆ /api/groups/[groupIdOrSlug]/default-links                          1.13 kB         107 kB
web:build: Ôö£ ãÆ /api/groups/[groupIdOrSlug]/default-links/[defaultLinkId]          1.13 kB         107 kB
web:build: Ôö£ ãÆ /api/groups/[groupIdOrSlug]/partners                               1.13 kB         107 kB
web:build: Ôö£ ãÆ /api/groups/count                                                  1.13 kB         107 kB
web:build: Ôö£ ãÆ /api/hubspot/callback                                              1.13 kB         107 kB
web:build: Ôö£ ãÆ /api/hubspot/webhook                                               1.13 kB         107 kB
web:build: Ôö£ ãÆ /api/integrations                                                  1.13 kB         107 kB
web:build: Ôö£ ãÆ /api/integrations/uninstall                                        1.13 kB         107 kB
web:build: Ôö£ ãÆ /api/links                                                         1.13 kB         107 kB
web:build: Ôö£ ãÆ /api/links/[linkId]                                                1.13 kB         107 kB
web:build: Ôö£ ãÆ /api/links/[linkId]/dashboard                                      1.13 kB         107 kB
web:build: Ôö£ ãÆ /api/links/[linkId]/transfer                                       1.13 kB         107 kB
web:build: Ôö£ ãÆ /api/links/bulk                                                    1.13 kB         107 kB
web:build: Ôö£ ãÆ /api/links/count                                                   1.13 kB         107 kB
web:build: Ôö£ ãÆ /api/links/exists                                                  1.13 kB         107 kB
web:build: Ôö£ ãÆ /api/links/export                                                  1.13 kB         107 kB
web:build: Ôö£ ãÆ /api/links/iframeable                                              1.13 kB         107 kB
web:build: Ôö£ ãÆ /api/links/info                                                    1.13 kB         107 kB
web:build: Ôö£ ãÆ /api/links/metatags                                                1.13 kB         107 kB
web:build: Ôö£ ãÆ /api/links/random                                                  1.13 kB         107 kB
web:build: Ôö£ ãÆ /api/links/sync                                                    1.13 kB         107 kB
web:build: Ôö£ ãÆ /api/links/upsert                                                  1.13 kB         107 kB
web:build: Ôö£ ãÆ /api/me                                                            1.13 kB         107 kB
web:build: Ôö£ ãÆ /api/messages                                                      1.13 kB         107 kB
web:build: Ôö£ ãÆ /api/messages/count                                                1.13 kB         107 kB
web:build: Ôö£ ãÆ /api/misc/check-favicon                                            1.13 kB         107 kB
web:build: Ôö£ ãÆ /api/misc/check-workspace-slug                                     1.13 kB         107 kB
web:build: Ôö£ ãÆ /api/mock/rewardful/affiliates                                     1.13 kB         107 kB
web:build: Ôö£ ãÆ /api/mock/rewardful/campaigns                                      1.13 kB         107 kB
web:build: Ôö£ ãÆ /api/mock/rewardful/campaigns/[campaignId]                         1.13 kB         107 kB
web:build: Ôö£ ãÆ /api/mock/rewardful/commissions                                    1.13 kB         107 kB
web:build: Ôö£ ãÆ /api/mock/rewardful/referrals                                      1.13 kB         107 kB
web:build: Ôö£ ãÆ /api/network/partners                                              1.13 kB         107 kB
web:build: Ôö£ ãÆ /api/network/partners/count                                        1.13 kB         107 kB
web:build: Ôö£ ãÆ /api/network/partners/invites-usage                                1.13 kB         107 kB
web:build: Ôö£ ãÆ /api/network/programs                                              1.13 kB         107 kB
web:build: Ôö£ ãÆ /api/network/programs/count                                        1.13 kB         107 kB
web:build: Ôö£ ãÆ /api/oauth/apps                                                    1.13 kB         107 kB
web:build: Ôö£ ãÆ /api/oauth/apps/[appId]                                            1.13 kB         107 kB
web:build: Ôö£ ãÆ /api/oauth/authorize                                               1.13 kB         107 kB
web:build: Ôö£ ãÆ /api/oauth/token                                                   1.13 kB         107 kB
web:build: Ôö£ ãÆ /api/oauth/userinfo                                                1.13 kB         107 kB
web:build: Ôö£ ãÆ /api/og/analytics                                                  1.13 kB         107 kB
web:build: Ôö£ ãÆ /api/og/avatar/[[...seed]]                                         1.13 kB         107 kB
web:build: Ôö£ ãÆ /api/og/partner-earnings                                           1.13 kB         107 kB
web:build: Ôö£ ãÆ /api/og/partner-rewind                                             1.13 kB         107 kB
web:build: Ôö£ ãÆ /api/og/program                                                    1.13 kB         107 kB
web:build: Ôö£ ãÆ /api/partner-profile                                               1.13 kB         107 kB
web:build: Ôö£ ãÆ /api/partner-profile/invites                                       1.13 kB         107 kB
web:build: Ôö£ ãÆ /api/partner-profile/invites/accept                                1.13 kB         107 kB
web:build: Ôö£ ãÆ /api/partner-profile/messages                                      1.13 kB         107 kB
web:build: Ôö£ ãÆ /api/partner-profile/messages/count                                1.13 kB         107 kB
web:build: Ôö£ ãÆ /api/partner-profile/notification-preferences                      1.13 kB         107 kB
web:build: Ôö£ ãÆ /api/partner-profile/payouts                                       1.13 kB         107 kB
web:build: Ôö£ ãÆ /api/partner-profile/payouts/count                                 1.13 kB         107 kB
web:build: Ôö£ ãÆ /api/partner-profile/payouts/settings                              1.13 kB         107 kB
web:build: Ôö£ ãÆ /api/partner-profile/programs                                      1.13 kB         107 kB
web:build: Ôö£ ãÆ /api/partner-profile/programs/[programId]                          1.13 kB         107 kB
web:build: Ôö£ ãÆ /api/partner-profile/programs/[programId]/analytics                1.13 kB         107 kB
web:build: Ôö£ ãÆ /api/partner-profile/programs/[programId]/analytics/export         1.13 kB         107 kB
web:build: Ôö£ ãÆ /api/partner-profile/programs/[programId]/bounties                 1.13 kB         107 kB
web:build: Ôö£ ãÆ /api/partner-profile/programs/[programId]/customers                1.13 kB         107 kB
web:build: Ôö£ ãÆ /api/partner-profile/programs/[programId]/customers/[customerId]   1.13 kB         107 kB
web:build: Ôö£ ãÆ /api/partner-profile/programs/[programId]/customers/count          1.13 kB         107 kB
web:build: Ôö£ ãÆ /api/partner-profile/programs/[programId]/earnings                 1.13 kB         107 kB
web:build: Ôö£ ãÆ /api/partner-profile/programs/[programId]/earnings/count           1.13 kB         107 kB
web:build: Ôö£ ãÆ /api/partner-profile/programs/[programId]/earnings/timeseries      1.13 kB         107 kB
web:build: Ôö£ ãÆ /api/partner-profile/programs/[programId]/events                   1.13 kB         107 kB
web:build: Ôö£ ãÆ /api/partner-profile/programs/[programId]/events/export            1.13 kB         107 kB
web:build: Ôö£ ãÆ /api/partner-profile/programs/[programId]/groups/[groupIdOrSlug]   1.13 kB         107 kB
web:build: Ôö£ ãÆ /api/partner-profile/programs/[programId]/links                    1.13 kB         107 kB
web:build: Ôö£ ãÆ /api/partner-profile/programs/[programId]/links/[linkId]           1.13 kB         107 kB
web:build: Ôö£ ãÆ /api/partner-profile/programs/[programId]/referrals                1.13 kB         107 kB
web:build: Ôö£ ãÆ /api/partner-profile/programs/[programId]/referrals/count          1.13 kB         107 kB
web:build: Ôö£ ãÆ /api/partner-profile/programs/[programId]/resources                1.13 kB         107 kB
web:build: Ôö£ ãÆ /api/partner-profile/programs/count                                1.13 kB         107 kB
web:build: Ôö£ ãÆ /api/partner-profile/rewind                                        1.13 kB         107 kB
web:build: Ôö£ ãÆ /api/partner-profile/users                                         1.13 kB         107 kB
web:build: Ôö£ ãÆ /api/partners                                                      1.13 kB         107 kB
web:build: Ôö£ ãÆ /api/partners/[partnerId]                                          1.13 kB         107 kB
web:build: Ôö£ ãÆ /api/partners/[partnerId]/application-risks                        1.13 kB         107 kB
web:build: Ôö£ ãÆ /api/partners/[partnerId]/comments                                 1.13 kB         107 kB
web:build: Ôö£ ãÆ /api/partners/[partnerId]/comments/count                           1.13 kB         107 kB
web:build: Ôö£ ãÆ /api/partners/[partnerId]/cross-program-summary                    1.13 kB         107 kB
web:build: Ôö£ ãÆ /api/partners/analytics                                            1.13 kB         107 kB
web:build: Ôö£ ãÆ /api/partners/ban                                                  1.13 kB         107 kB
web:build: Ôö£ ãÆ /api/partners/count                                                1.13 kB         107 kB
web:build: Ôö£ ãÆ /api/partners/export                                               1.13 kB         107 kB
web:build: Ôö£ ãÆ /api/partners/links                                                1.13 kB         107 kB
web:build: Ôö£ ãÆ /api/partners/links/upsert                                         1.13 kB         107 kB
web:build: Ôö£ ãÆ /api/partners/platforms/callback                                   1.13 kB         107 kB
web:build: Ôö£ ãÆ /api/paypal/callback                                               1.13 kB         107 kB
web:build: Ôö£ ãÆ /api/paypal/webhook                                                1.13 kB         107 kB
web:build: Ôö£ ãÆ /api/programs/[programId]                                          1.13 kB         107 kB
web:build: Ôö£ ãÆ /api/programs/[programId]/applications/[applicationId]             1.13 kB         107 kB
web:build: Ôö£ ãÆ /api/programs/[programId]/applications/export                      1.13 kB         107 kB
web:build: Ôö£ ãÆ /api/programs/[programId]/discounts                                1.13 kB         107 kB
web:build: Ôö£ ãÆ /api/programs/[programId]/payouts                                  1.13 kB         107 kB
web:build: Ôö£ ãÆ /api/programs/[programId]/payouts/count                            1.13 kB         107 kB
web:build: Ôö£ ãÆ /api/programs/[programId]/payouts/eligible                         1.13 kB         107 kB
web:build: Ôö£ ãÆ /api/programs/[programId]/payouts/eligible/count                   1.13 kB         107 kB
web:build: Ôö£ ãÆ /api/programs/[programId]/referrals                                1.13 kB         107 kB
web:build: Ôö£ ãÆ /api/programs/[programId]/referrals/count                          1.13 kB         107 kB
web:build: Ôö£ ãÆ /api/programs/[programId]/resources                                1.13 kB         107 kB
web:build: Ôö£ ãÆ /api/programs/rewardful/campaigns                                  1.13 kB         107 kB
web:build: Ôö£ ãÆ /api/projects                                                      1.13 kB         107 kB
web:build: Ôö£ ãÆ /api/projects/[slug]                                               1.13 kB         107 kB
web:build: Ôö£ ãÆ /api/projects/[slug]/domains                                       1.13 kB         107 kB
web:build: Ôö£ ãÆ /api/projects/[slug]/domains/[domain]                              1.13 kB         107 kB
web:build: Ôö£ ãÆ /api/projects/[slug]/domains/[domain]/verify                       1.13 kB         107 kB
web:build: Ôö£ ãÆ /api/projects/[slug]/domains/default                               1.13 kB         107 kB
web:build: Ôö£ ãÆ /api/projects/[slug]/links                                         1.13 kB         107 kB
web:build: Ôö£ ãÆ /api/projects/[slug]/links/[linkId]                                1.13 kB         107 kB
web:build: Ôö£ ãÆ /api/projects/[slug]/links/bulk                                    1.13 kB         107 kB
web:build: Ôö£ ãÆ /api/projects/[slug]/links/count                                   1.13 kB         107 kB
web:build: Ôö£ ãÆ /api/projects/[slug]/links/info                                    1.13 kB         107 kB
web:build: Ôö£ ãÆ /api/projects/[slug]/links/random                                  1.13 kB         107 kB
web:build: Ôö£ ãÆ /api/projects/[slug]/tags                                            237 B         622 kB
web:build: Ôö£ ãÆ /api/projects/[slug]/tags/[id]                                     1.13 kB         107 kB
web:build: Ôö£ ãÆ /api/providers                                                     1.13 kB         107 kB
web:build: Ôö£ ãÆ /api/qr                                                            1.13 kB         107 kB
web:build: Ôö£ ãÆ /api/resend/webhook                                                1.13 kB         107 kB
web:build: Ôö£ ãÆ /api/resumes/upload-url                                            1.13 kB         107 kB
web:build: Ôö£ ãÆ /api/rewards                                                       1.13 kB         107 kB
web:build: Ôö£ ãÆ /api/rewards/[rewardId]                                            1.13 kB         107 kB
web:build: Ôö£ ãÆ /api/scim/v2.0/[...directory]                                      1.13 kB         107 kB
web:build: Ôö£ ãÆ /api/shopify/integration/callback                                  1.13 kB         107 kB
web:build: Ôö£ ãÆ /api/shopify/integration/webhook                                   1.13 kB         107 kB
web:build: Ôö£ ãÆ /api/shopify/pixel                                                 1.13 kB         107 kB
web:build: Ôö£ ãÆ /api/singular/webhook                                              1.13 kB         107 kB
web:build: Ôö£ ãÆ /api/slack/callback                                                1.13 kB         107 kB
web:build: Ôö£ ãÆ /api/slack/slash-commands                                          1.13 kB         107 kB
web:build: Ôö£ ãÆ /api/stripe/connect/webhook                                        1.13 kB         107 kB
web:build: Ôö£ ãÆ /api/stripe/integration                                            1.13 kB         107 kB
web:build: Ôö£ ãÆ /api/stripe/integration/callback                                   1.13 kB         107 kB
web:build: Ôö£ ãÆ /api/stripe/integration/webhook                                    1.13 kB         107 kB
web:build: Ôö£ ãÆ /api/stripe/integration/webhook/sandbox                            1.13 kB         107 kB
web:build: Ôö£ ãÆ /api/stripe/integration/webhook/test                               1.13 kB         107 kB
web:build: Ôö£ ãÆ /api/stripe/webhook                                                1.13 kB         107 kB
web:build: Ôö£ ãÆ /api/tags                                                            237 B         622 kB
web:build: Ôö£ ãÆ /api/tags/[id]                                                     1.13 kB         107 kB
web:build: Ôö£ ãÆ /api/tags/count                                                    1.13 kB         107 kB
web:build: Ôö£ ãÆ /api/tokens                                                        1.13 kB         107 kB
web:build: Ôö£ ãÆ /api/tokens/[id]                                                   1.13 kB         107 kB
web:build: Ôö£ ãÆ /api/tokens/embed/referrals                                        1.13 kB         107 kB
web:build: Ôö£ ãÆ /api/track/click                                                   1.13 kB         107 kB
web:build: Ôö£ ãÆ /api/track/lead                                                    1.13 kB         107 kB
web:build: Ôö£ ãÆ /api/track/lead/client                                             1.13 kB         107 kB
web:build: Ôö£ ãÆ /api/track/open                                                    1.13 kB         107 kB
web:build: Ôö£ ãÆ /api/track/sale                                                    1.13 kB         107 kB
web:build: Ôö£ ãÆ /api/track/sale/client                                             1.13 kB         107 kB
web:build: Ôö£ ãÆ /api/track/visit                                                   1.13 kB         107 kB
web:build: Ôö£ ãÆ /api/unsplash/download                                             1.13 kB         107 kB
web:build: Ôö£ ãÆ /api/unsplash/search                                               1.13 kB         107 kB
web:build: Ôö£ ãÆ /api/user                                                          1.13 kB         107 kB
web:build: Ôö£ ãÆ /api/user/notification-preferences                                 1.13 kB         107 kB
web:build: Ôö£ ãÆ /api/user/password                                                 1.13 kB         107 kB
web:build: Ôö£ ãÆ /api/user/referrals-token                                          2.51 kB         246 kB
web:build: Ôö£ ãÆ /api/user/set-password                                             1.13 kB         107 kB
web:build: Ôö£ ãÆ /api/user/tokens                                                   1.13 kB         107 kB
web:build: Ôö£ ãÆ /api/utm                                                           1.13 kB         107 kB
web:build: Ôö£ ãÆ /api/utm/[id]                                                      1.13 kB         107 kB
web:build: Ôö£ ãÆ /api/webhooks                                                      1.13 kB         107 kB
web:build: Ôö£ ãÆ /api/webhooks/[webhookId]                                          1.13 kB         107 kB
web:build: Ôö£ ãÆ /api/webhooks/[webhookId]/events                                   1.13 kB         107 kB
web:build: Ôö£ ãÆ /api/webhooks/callback                                             1.13 kB         107 kB
web:build: Ôö£ ãÆ /api/workflows/partner-approved                                    1.13 kB         107 kB
web:build: Ôö£ ãÆ /api/workspaces                                                    1.13 kB         107 kB
web:build: Ôö£ ãÆ /api/workspaces/[idOrSlug]                                         1.13 kB         107 kB
web:build: Ôö£ ãÆ /api/workspaces/[idOrSlug]/billing/cancel                          1.13 kB         107 kB
web:build: Ôö£ ãÆ /api/workspaces/[idOrSlug]/billing/invoices                        1.13 kB         107 kB
web:build: Ôö£ ãÆ /api/workspaces/[idOrSlug]/billing/invoices/[invoiceId]            1.13 kB         107 kB
web:build: Ôö£ ãÆ /api/workspaces/[idOrSlug]/billing/manage                          1.13 kB         107 kB
web:build: Ôö£ ãÆ /api/workspaces/[idOrSlug]/billing/payment-methods                 1.13 kB         107 kB
web:build: Ôö£ ãÆ /api/workspaces/[idOrSlug]/billing/upgrade                         1.13 kB         107 kB
web:build: Ôö£ ãÆ /api/workspaces/[idOrSlug]/billing/usage                           1.13 kB         107 kB
web:build: Ôö£ ãÆ /api/workspaces/[idOrSlug]/import/[importId]/download              1.13 kB         107 kB
web:build: Ôö£ ãÆ /api/workspaces/[idOrSlug]/import/bitly                            1.13 kB         107 kB
web:build: Ôö£ ãÆ /api/workspaces/[idOrSlug]/import/csv                              1.13 kB         107 kB
web:build: Ôö£ ãÆ /api/workspaces/[idOrSlug]/import/rebrandly                        1.13 kB         107 kB
web:build: Ôö£ ãÆ /api/workspaces/[idOrSlug]/import/short                            1.13 kB         107 kB
web:build: Ôö£ ãÆ /api/workspaces/[idOrSlug]/invites                                 2.52 kB         246 kB
web:build: Ôö£ ãÆ /api/workspaces/[idOrSlug]/invites/accept                          2.52 kB         246 kB
web:build: Ôö£ ãÆ /api/workspaces/[idOrSlug]/invites/decline                         1.13 kB         107 kB
web:build: Ôö£ ãÆ /api/workspaces/[idOrSlug]/invites/reset                           1.13 kB         107 kB
web:build: Ôö£ ãÆ /api/workspaces/[idOrSlug]/notification-preferences                1.13 kB         107 kB
web:build: Ôö£ ãÆ /api/workspaces/[idOrSlug]/saml                                    1.13 kB         107 kB
web:build: Ôö£ ãÆ /api/workspaces/[idOrSlug]/scim                                    1.13 kB         107 kB
web:build: Ôö£ ãÆ /api/workspaces/[idOrSlug]/stats/[endpoint]                        1.13 kB         107 kB
web:build: Ôö£ ãÆ /api/workspaces/[idOrSlug]/upload-url                              1.13 kB         107 kB
web:build: Ôö£ ãÆ /api/workspaces/[idOrSlug]/users                                   2.52 kB         246 kB
web:build: Ôö£ Ôùï /app.dub.co/[slug]/analytics                                       4.58 kB         987 kB
web:build: Ôö£ Ôùï /app.dub.co/[slug]/customers                                         643 B         825 kB
web:build: Ôö£ Ôùï /app.dub.co/[slug]/customers/[customerId]/earnings                 1.27 kB         791 kB
web:build: Ôö£ Ôùï /app.dub.co/[slug]/customers/[customerId]/sales                    3.25 kB         791 kB
web:build: Ôö£ ãÆ /app.dub.co/[slug]/domains                                         1.13 kB         107 kB
web:build: Ôö£ Ôùï /app.dub.co/[slug]/events                                          2.43 kB         948 kB
web:build: Ôö£ ãÆ /app.dub.co/[slug]/invite                                          2.13 kB         690 kB
web:build: Ôö£ Ôùï /app.dub.co/[slug]/links                                             228 B        1.02 MB
web:build: Ôö£ Ôùï /app.dub.co/[slug]/links/[...link]                                 5.96 kB           1 MB
web:build: Ôö£ Ôùï /app.dub.co/[slug]/links/domains                                     219 B         976 kB
web:build: Ôö£ Ôùï /app.dub.co/[slug]/links/domains/default                             162 B         647 kB
web:build: Ôö£ Ôùï /app.dub.co/[slug]/links/domains/email                               168 B         664 kB
web:build: Ôö£ Ôùï /app.dub.co/[slug]/links/folders                                   18.6 kB         811 kB
web:build: Ôö£ Ôùï /app.dub.co/[slug]/links/folders/[folderId]/members                13.2 kB         787 kB
web:build: Ôö£ Ôùï /app.dub.co/[slug]/links/tags                                      10.6 kB         819 kB
web:build: Ôö£ Ôùï /app.dub.co/[slug]/links/utm                                       5.32 kB         720 kB
web:build: Ôö£ Ôùï /app.dub.co/[slug]/program                                         12.1 kB         855 kB
web:build: Ôö£ Ôùï /app.dub.co/[slug]/program/analytics                               16.1 kB         972 kB
web:build: Ôö£ Ôùï /app.dub.co/[slug]/program/bounties                                  10 kB         821 kB
web:build: Ôö£ Ôùï /app.dub.co/[slug]/program/bounties/[bountyId]                     11.4 kB         851 kB
web:build: Ôö£ Ôùï /app.dub.co/[slug]/program/campaigns                                9.2 kB         697 kB
web:build: Ôö£ Ôùï /app.dub.co/[slug]/program/campaigns/[campaignId]                  19.9 kB         842 kB
web:build: Ôö£ Ôùï /app.dub.co/[slug]/program/commissions                             14.7 kB         861 kB
web:build: Ôö£ Ôùï /app.dub.co/[slug]/program/customers                               1.11 kB         812 kB
web:build: Ôö£ Ôùï /app.dub.co/[slug]/program/customers/[customerId]                  1.13 kB         107 kB
web:build: Ôö£ Ôùï /app.dub.co/[slug]/program/customers/[customerId]/earnings         1.27 kB         791 kB
web:build: Ôö£ Ôùï /app.dub.co/[slug]/program/customers/[customerId]/sales            3.25 kB         791 kB
web:build: Ôö£ Ôùï /app.dub.co/[slug]/program/customers/referrals                     12.8 kB         819 kB
web:build: Ôö£ Ôùï /app.dub.co/[slug]/program/fraud                                   9.13 kB         856 kB
web:build: Ôö£ Ôùï /app.dub.co/[slug]/program/fraud/resolved                          2.19 kB         849 kB
web:build: Ôö£ Ôùï /app.dub.co/[slug]/program/groups                                  12.8 kB         868 kB
web:build: Ôö£ Ôùï /app.dub.co/[slug]/program/groups/[groupSlug]/branding             97.8 kB         881 kB
web:build: Ôö£ Ôùï /app.dub.co/[slug]/program/groups/[groupSlug]/discounts            5.72 kB         819 kB
web:build: Ôö£ Ôùï /app.dub.co/[slug]/program/groups/[groupSlug]/links                22.4 kB         860 kB
web:build: Ôö£ Ôùï /app.dub.co/[slug]/program/groups/[groupSlug]/rewards              9.14 kB         823 kB
web:build: Ôö£ Ôùï /app.dub.co/[slug]/program/groups/[groupSlug]/settings             5.03 kB         791 kB
web:build: Ôö£ Ôùï /app.dub.co/[slug]/program/messages                                2.99 kB         645 kB
web:build: Ôö£ Ôùï /app.dub.co/[slug]/program/messages/[partnerId]                    12.9 kB         831 kB
web:build: Ôö£ Ôùï /app.dub.co/[slug]/program/network                                 12.4 kB         916 kB
web:build: Ôö£ ãÆ /app.dub.co/[slug]/program/new                                     8.55 kB         751 kB
web:build: Ôö£ ãÆ /app.dub.co/[slug]/program/new/overview                            8.99 kB         768 kB
web:build: Ôö£ ãÆ /app.dub.co/[slug]/program/new/partners                            5.47 kB         657 kB
web:build: Ôö£ ãÆ /app.dub.co/[slug]/program/new/rewards                             8.32 kB         764 kB
web:build: Ôö£ ãÆ /app.dub.co/[slug]/program/new/support                             4.84 kB         650 kB
web:build: Ôö£ Ôùï /app.dub.co/[slug]/program/partners                                  23 kB         848 kB
web:build: Ôö£ Ôùï /app.dub.co/[slug]/program/partners/[partnerId]/comments           8.33 kB         818 kB
web:build: Ôö£ Ôùï /app.dub.co/[slug]/program/partners/[partnerId]/customers          4.59 kB         804 kB
web:build: Ôö£ Ôùï /app.dub.co/[slug]/program/partners/[partnerId]/links              15.3 kB         796 kB
web:build: Ôö£ Ôùï /app.dub.co/[slug]/program/partners/[partnerId]/payouts            4.54 kB         646 kB
web:build: Ôö£ Ôùï /app.dub.co/[slug]/program/partners/applications                   9.41 kB         933 kB
web:build: Ôö£ Ôùï /app.dub.co/[slug]/program/partners/applications/rejected          3.19 kB         919 kB
web:build: Ôö£ Ôùï /app.dub.co/[slug]/program/payouts                                 22.9 kB         856 kB
web:build: Ôö£ Ôùï /app.dub.co/[slug]/program/payouts/success                         4.77 kB         653 kB
web:build: Ôö£ Ôùï /app.dub.co/[slug]/program/resources                               17.6 kB         799 kB
web:build: Ôö£ Ôùï /app.dub.co/[slug]/settings                                        4.77 kB         660 kB
web:build: Ôö£ Ôùï /app.dub.co/[slug]/settings/analytics                              64.9 kB         747 kB
web:build: Ôö£ Ôùï /app.dub.co/[slug]/settings/billing                                29.4 kB         918 kB
web:build: Ôö£ Ôùï /app.dub.co/[slug]/settings/billing/invoices                       5.36 kB         647 kB
web:build: Ôö£ Ôùï /app.dub.co/[slug]/settings/billing/upgrade                        9.47 kB         707 kB
web:build: Ôö£ Ôùï /app.dub.co/[slug]/settings/domains                                  219 B         976 kB
web:build: Ôö£ Ôùï /app.dub.co/[slug]/settings/domains/default                          162 B         647 kB
web:build: Ôö£ Ôùï /app.dub.co/[slug]/settings/domains/email                            169 B         664 kB
web:build: Ôö£ Ôùï /app.dub.co/[slug]/settings/integrations                           7.45 kB         649 kB
web:build: Ôö£ ãÆ /app.dub.co/[slug]/settings/integrations/[integrationSlug]         11.6 kB         791 kB
web:build: Ôö£ ãÆ /app.dub.co/[slug]/settings/integrations/[integrationSlug]/manage    170 B         661 kB
web:build: Ôö£ ãÆ /app.dub.co/[slug]/settings/integrations/enabled                   1.08 kB         630 kB
web:build: Ôö£ Ôùï /app.dub.co/[slug]/settings/integrations/new                         170 B         661 kB
web:build: Ôö£ Ôùï /app.dub.co/[slug]/settings/members                                8.88 kB         747 kB
web:build: Ôö£ Ôùï /app.dub.co/[slug]/settings/notifications                          5.76 kB         641 kB
web:build: Ôö£ Ôùï /app.dub.co/[slug]/settings/oauth-apps                             3.05 kB         645 kB
web:build: Ôö£ Ôùï /app.dub.co/[slug]/settings/oauth-apps/[appId]                     6.97 kB         668 kB
web:build: Ôö£ Ôùï /app.dub.co/[slug]/settings/oauth-apps/new                         2.37 kB         661 kB
web:build: Ôö£ ãÆ /app.dub.co/[slug]/settings/referrals                              1.13 kB         107 kB
web:build: Ôö£ Ôùï /app.dub.co/[slug]/settings/security                               11.3 kB         663 kB
web:build: Ôö£ ãÆ /app.dub.co/[slug]/settings/tags                                   1.13 kB         107 kB
web:build: Ôö£ Ôùï /app.dub.co/[slug]/settings/tokens                                 7.05 kB         668 kB
web:build: Ôö£ Ôùï /app.dub.co/[slug]/settings/webhooks                               3.57 kB         645 kB
web:build: Ôö£ Ôùï /app.dub.co/[slug]/settings/webhooks/[webhookId]                   4.63 kB         648 kB
web:build: Ôö£ Ôùï /app.dub.co/[slug]/settings/webhooks/[webhookId]/edit                528 B         773 kB
web:build: Ôö£ Ôùï /app.dub.co/[slug]/settings/webhooks/new                             416 B         773 kB
web:build: Ôö£ ãÆ /app.dub.co/[slug]/wrapped                                         1.13 kB         107 kB
web:build: Ôö£ ãÆ /app.dub.co/[slug]/wrapped/[year]                                  6.27 kB         654 kB
web:build: Ôö£ Ôùï /app.dub.co/account/settings                                         186 B         736 kB          1d      1y
web:build: Ôö£ Ôùï /app.dub.co/account/settings/referrals                             3.18 kB         646 kB          1d      1y
web:build: Ôö£ Ôùï /app.dub.co/account/settings/security                                170 B         668 kB          1d      1y
web:build: Ôö£ Ôùï /app.dub.co/account/settings/tokens                                2.58 kB         641 kB          1d      1y
web:build: Ôö£ ãÆ /app.dub.co/analytics                                              1.13 kB         107 kB
web:build: Ôö£ ãÆ /app.dub.co/auth/confirm-email-change/[token]                        947 B         639 kB
web:build: Ôö£ ãÆ /app.dub.co/auth/reset-password/[token]                            1.71 kB         640 kB
web:build: Ôö£ Ôùï /app.dub.co/auth/saml                                                758 B         639 kB
web:build: Ôö£ ãÆ /app.dub.co/deeplink/[domain]/[[...key]]                           5.03 kB         636 kB
web:build: Ôö£ ãÆ /app.dub.co/embed/referrals                                        28.9 kB         797 kB
web:build: Ôö£ Ôùï /app.dub.co/forgot-password                                          150 B         625 kB
web:build: Ôö£ ãÆ /app.dub.co/invites/[code]                                         2.99 kB         632 kB
web:build: Ôö£ ãÆ /app.dub.co/invoices/[invoiceId]                                   1.13 kB         107 kB
web:build: Ôö£ ãÆ /app.dub.co/links                                                  1.13 kB         107 kB
web:build: Ôö£ ãÆ /app.dub.co/links/[key]                                            1.13 kB         107 kB
web:build: Ôö£ Ôùï /app.dub.co/login                                                    221 B         644 kB
web:build: Ôö£ ãÆ /app.dub.co/oauth/authorize                                        8.67 kB         722 kB
web:build: Ôö£ Ôùï /app.dub.co/onboarding/domain                                       2.7 kB         647 kB
web:build: Ôö£ Ôùï /app.dub.co/onboarding/domain/custom                               7.67 kB         718 kB
web:build: Ôö£ Ôùï /app.dub.co/onboarding/domain/register                             3.13 kB         653 kB
web:build: Ôö£ Ôùï /app.dub.co/onboarding/plan                                        6.84 kB         708 kB
web:build: Ôö£ Ôùï /app.dub.co/onboarding/products                                     5.8 kB         647 kB
web:build: Ôö£ ãÆ /app.dub.co/onboarding/program                                     4.29 kB         659 kB
web:build: Ôö£ Ôùï /app.dub.co/onboarding/program/reward                              7.01 kB         766 kB
web:build: Ôö£ ãÆ /app.dub.co/onboarding/success                                     5.28 kB         650 kB
web:build: Ôö£ Ôùï /app.dub.co/onboarding/welcome                                     5.63 kB         707 kB
web:build: Ôö£ Ôùï /app.dub.co/onboarding/workspace                                   6.74 kB         729 kB
web:build: Ôö£ Ôùï /app.dub.co/register                                                 847 B         658 kB
web:build: Ôö£ ãÆ /app.dub.co/share/[dashboardId]                                    1.77 kB         984 kB
web:build: Ôö£ ãÆ /app.dub.co/unsubscribe/[token]                                      157 B         638 kB
web:build: Ôö£ Ôùï /banned                                                            3.33 kB         632 kB
web:build: Ôö£ ãÆ /cloaked/[url]                                                     1.13 kB         107 kB
web:build: Ôö£ ãÆ /custom-uri-scheme/[url]                                           1.13 kB         107 kB
web:build: Ôö£ ãÆ /expired/[domain]                                                  3.33 kB         632 kB
web:build: Ôö£ ãÆ /inspect/[domain]/[key]                                              202 B         622 kB
web:build: Ôö£ Ôùï /manifest.webmanifest                                              1.13 kB         107 kB
web:build: Ôö£ ÔùÅ /partners.dub.co/[programSlug]                                       188 B         801 kB
web:build: Ôö£ ãÆ /partners.dub.co/[programSlug]/[groupSlug]                           188 B         801 kB
web:build: Ôö£ ãÆ /partners.dub.co/[programSlug]/[groupSlug]/apply                     181 B         774 kB
web:build: Ôö£ ãÆ /partners.dub.co/[programSlug]/[groupSlug]/apply/success           3.81 kB         642 kB
web:build: Ôö£ ÔùÅ /partners.dub.co/[programSlug]/apply                                 180 B         774 kB
web:build: Ôö£ ÔùÅ /partners.dub.co/[programSlug]/apply/success                       3.81 kB         642 kB
web:build: Ôö£ ÔùÅ /partners.dub.co/[programSlug]/login                                 580 B         644 kB
web:build: Ôö£ ÔùÅ /partners.dub.co/[programSlug]/register                            1.67 kB         718 kB
web:build: Ôö£ Ôùï /partners.dub.co/account/settings                                    186 B         736 kB
web:build: Ôö£ Ôùï /partners.dub.co/account/settings/security                           170 B         668 kB
web:build: Ôö£ ãÆ /partners.dub.co/apply/[programSlug]/[[...slug]]                   1.13 kB         107 kB
web:build: Ôö£ ãÆ /partners.dub.co/auth/confirm-email-change/[token]                   947 B         639 kB
web:build: Ôö£ ãÆ /partners.dub.co/auth/reset-password/[token]                       1.71 kB         640 kB
web:build: Ôö£ Ôùï /partners.dub.co/forgot-password                                     149 B         625 kB
web:build: Ôö£ Ôùï /partners.dub.co/invite                                            2.37 kB         645 kB
web:build: Ôö£ ãÆ /partners.dub.co/invoices/[payoutId]                               1.13 kB         107 kB
web:build: Ôö£ Ôùï /partners.dub.co/login                                               580 B         644 kB
web:build: Ôö£ Ôùï /partners.dub.co/messages                                            650 B         244 kB
web:build: Ôö£ ãÆ /partners.dub.co/messages/[programSlug]                            16.2 kB         841 kB
web:build: Ôö£ ãÆ /partners.dub.co/onboarding                                         8.6 kB         657 kB
web:build: Ôö£ ãÆ /partners.dub.co/onboarding/payouts                                8.54 kB         660 kB
web:build: Ôö£ ãÆ /partners.dub.co/onboarding/platforms                              4.39 kB         736 kB
web:build: Ôö£ Ôùï /partners.dub.co/payouts                                           23.9 kB         723 kB
web:build: Ôö£ Ôùï /partners.dub.co/profile                                           16.6 kB         844 kB
web:build: Ôö£ Ôùï /partners.dub.co/profile/members                                   6.67 kB         674 kB
web:build: Ôö£ Ôùï /partners.dub.co/profile/notifications                             4.61 kB         660 kB
web:build: Ôö£ Ôùï /partners.dub.co/programs                                          5.48 kB         673 kB
web:build: Ôö£ ãÆ /partners.dub.co/programs/[programSlug]                            23.3 kB         874 kB
web:build: Ôö£ ãÆ /partners.dub.co/programs/[programSlug]/analytics                  3.11 kB         986 kB
web:build: Ôö£ ãÆ /partners.dub.co/programs/[programSlug]/apply                      2.39 kB         833 kB
web:build: Ôö£ ãÆ /partners.dub.co/programs/[programSlug]/bounties                   11.5 kB         762 kB
web:build: Ôö£ ãÆ /partners.dub.co/programs/[programSlug]/customers                   8.7 kB         668 kB
web:build: Ôö£ ãÆ /partners.dub.co/programs/[programSlug]/customers/[customerId]     9.48 kB         789 kB
web:build: Ôö£ ãÆ /partners.dub.co/programs/[programSlug]/customers/referrals        9.37 kB         730 kB
web:build: Ôö£ ãÆ /partners.dub.co/programs/[programSlug]/earnings                   11.3 kB         859 kB
web:build: Ôö£ ãÆ /partners.dub.co/programs/[programSlug]/events                       675 B         946 kB
web:build: Ôö£ ãÆ /partners.dub.co/programs/[programSlug]/invite                     14.2 kB         789 kB
web:build: Ôö£ ãÆ /partners.dub.co/programs/[programSlug]/links                      20.6 kB         746 kB
web:build: Ôö£ ãÆ /partners.dub.co/programs/[programSlug]/resources                  2.43 kB         662 kB
web:build: Ôö£ Ôùï /partners.dub.co/programs/invitations                              8.49 kB         781 kB
web:build: Ôö£ Ôùï /partners.dub.co/programs/marketplace                                11 kB         815 kB
web:build: Ôö£ ÔùÅ /partners.dub.co/programs/marketplace/[programSlug]                 1.7 kB         840 kB
web:build: Ôö£ Ôùï /partners.dub.co/register                                          1.67 kB         718 kB
web:build: Ôö£ ãÆ /partners.dub.co/rewind/2025                                       5.32 kB         675 kB
web:build: Ôö£ ãÆ /partners.dub.co/unsubscribe/[token]                                 156 B         638 kB
web:build: Ôö£ ãÆ /password/[linkId]                                                 1.89 kB         633 kB
web:build: Ôö£ ãÆ /proxy/[domain]/[key]                                                237 B         622 kB
web:build: Ôö£ ãÆ /robots.txt                                                        1.13 kB         107 kB
web:build: Ôö£ ãÆ /sitemap.xml                                                       1.13 kB         107 kB
web:build: Ôöö ãÆ /wellknown/[domain]/[file]                                         1.13 kB         107 kB
web:build: + First Load JS shared by all                                           106 kB
web:build:   Ôö£ chunks/053b905a-3b87c9ebf1ae7a90.js                                54.2 kB
web:build:   Ôö£ chunks/73881-87958884ad04b0ac.js                                   45.8 kB
web:build:   Ôöö other shared chunks (total)                                        6.31 kB
web:build: 
web:build: 
web:build: ãÆ Middleware                                                            346 kB
web:build: 
web:build: Ôùï  (Static)   prerendered as static content
web:build: ÔùÅ  (SSG)      prerendered as static HTML (uses generateStaticParams)
web:build: ãÆ  (Dynamic)  server-rendered on demand
web:build: 

 Tasks:    5 successful, 5 total
Cached:    4 cached, 5 total
  Time:    8m50.603s 

